Archive member included to satisfy reference by file (symbol)

c:/program files (x86)/atmel/studio/7.0/toolchain/arm/arm-gnu-toolchain/bin/../lib/gcc/arm-none-eabi/6.3.1/thumb/v7-m\libgcc.a(_arm_addsubdf3.o)
                              pwm.o (__aeabi_dadd)
c:/program files (x86)/atmel/studio/7.0/toolchain/arm/arm-gnu-toolchain/bin/../lib/gcc/arm-none-eabi/6.3.1/thumb/v7-m\libgcc.a(_arm_muldivdf3.o)
                              pwm.o (__aeabi_dmul)
c:/program files (x86)/atmel/studio/7.0/toolchain/arm/arm-gnu-toolchain/bin/../lib/gcc/arm-none-eabi/6.3.1/thumb/v7-m\libgcc.a(_arm_truncdfsf2.o)
                              pwm.o (__aeabi_d2f)
c:/program files (x86)/atmel/studio/7.0/toolchain/arm/arm-gnu-toolchain/bin/../lib/gcc/arm-none-eabi/6.3.1/thumb/v7-m\libgcc.a(_arm_addsubsf3.o)
                              pwm.o (__aeabi_fsub)
c:/program files (x86)/atmel/studio/7.0/toolchain/arm/arm-gnu-toolchain/bin/../lib/gcc/arm-none-eabi/6.3.1/thumb/v7-m\libgcc.a(_arm_muldivsf3.o)
                              pwm.o (__aeabi_fmul)
c:/program files (x86)/atmel/studio/7.0/toolchain/arm/arm-gnu-toolchain/bin/../lib/gcc/arm-none-eabi/6.3.1/thumb/v7-m\libgcc.a(_arm_fixsfsi.o)
                              pwm.o (__aeabi_f2iz)
c:/program files (x86)/atmel/studio/7.0/toolchain/arm/arm-gnu-toolchain/bin/../lib/gcc/arm-none-eabi/6.3.1/../../../../arm-none-eabi/lib/thumb/v7-m\libc.a(lib_a-exit.o)
                              c:/program files (x86)/atmel/studio/7.0/toolchain/arm/arm-gnu-toolchain/bin/../lib/gcc/arm-none-eabi/6.3.1/../../../../arm-none-eabi/lib/thumb/v7-m/crt0.o (exit)
c:/program files (x86)/atmel/studio/7.0/toolchain/arm/arm-gnu-toolchain/bin/../lib/gcc/arm-none-eabi/6.3.1/../../../../arm-none-eabi/lib/thumb/v7-m\libc.a(lib_a-impure.o)
                              c:/program files (x86)/atmel/studio/7.0/toolchain/arm/arm-gnu-toolchain/bin/../lib/gcc/arm-none-eabi/6.3.1/../../../../arm-none-eabi/lib/thumb/v7-m\libc.a(lib_a-exit.o) (_global_impure_ptr)
c:/program files (x86)/atmel/studio/7.0/toolchain/arm/arm-gnu-toolchain/bin/../lib/gcc/arm-none-eabi/6.3.1/../../../../arm-none-eabi/lib/thumb/v7-m\libc.a(lib_a-init.o)
                              c:/program files (x86)/atmel/studio/7.0/toolchain/arm/arm-gnu-toolchain/bin/../lib/gcc/arm-none-eabi/6.3.1/../../../../arm-none-eabi/lib/thumb/v7-m/crt0.o (__libc_init_array)
c:/program files (x86)/atmel/studio/7.0/toolchain/arm/arm-gnu-toolchain/bin/../lib/gcc/arm-none-eabi/6.3.1/../../../../arm-none-eabi/lib/thumb/v7-m\libc.a(lib_a-memset.o)
                              c:/program files (x86)/atmel/studio/7.0/toolchain/arm/arm-gnu-toolchain/bin/../lib/gcc/arm-none-eabi/6.3.1/../../../../arm-none-eabi/lib/thumb/v7-m/crt0.o (memset)
c:/program files (x86)/atmel/studio/7.0/toolchain/arm/arm-gnu-toolchain/bin/../lib/gcc/arm-none-eabi/6.3.1/../../../../arm-none-eabi/lib/thumb/v7-m\libc.a(lib_a-__call_atexit.o)
                              c:/program files (x86)/atmel/studio/7.0/toolchain/arm/arm-gnu-toolchain/bin/../lib/gcc/arm-none-eabi/6.3.1/../../../../arm-none-eabi/lib/thumb/v7-m\libc.a(lib_a-exit.o) (__call_exitprocs)
c:/program files (x86)/atmel/studio/7.0/toolchain/arm/arm-gnu-toolchain/bin/../lib/gcc/arm-none-eabi/6.3.1/../../../../arm-none-eabi/lib/thumb/v7-m\libc.a(lib_a-atexit.o)
                              c:/program files (x86)/atmel/studio/7.0/toolchain/arm/arm-gnu-toolchain/bin/../lib/gcc/arm-none-eabi/6.3.1/../../../../arm-none-eabi/lib/thumb/v7-m\libc.a(lib_a-__call_atexit.o) (atexit)
c:/program files (x86)/atmel/studio/7.0/toolchain/arm/arm-gnu-toolchain/bin/../lib/gcc/arm-none-eabi/6.3.1/../../../../arm-none-eabi/lib/thumb/v7-m\libc.a(lib_a-fini.o)
                              c:/program files (x86)/atmel/studio/7.0/toolchain/arm/arm-gnu-toolchain/bin/../lib/gcc/arm-none-eabi/6.3.1/../../../../arm-none-eabi/lib/thumb/v7-m\libc.a(lib_a-__call_atexit.o) (__libc_fini_array)
c:/program files (x86)/atmel/studio/7.0/toolchain/arm/arm-gnu-toolchain/bin/../lib/gcc/arm-none-eabi/6.3.1/../../../../arm-none-eabi/lib/thumb/v7-m\libc.a(lib_a-lock.o)
                              c:/program files (x86)/atmel/studio/7.0/toolchain/arm/arm-gnu-toolchain/bin/../lib/gcc/arm-none-eabi/6.3.1/../../../../arm-none-eabi/lib/thumb/v7-m\libc.a(lib_a-__call_atexit.o) (__retarget_lock_acquire_recursive)
c:/program files (x86)/atmel/studio/7.0/toolchain/arm/arm-gnu-toolchain/bin/../lib/gcc/arm-none-eabi/6.3.1/../../../../arm-none-eabi/lib/thumb/v7-m\libc.a(lib_a-__atexit.o)
                              c:/program files (x86)/atmel/studio/7.0/toolchain/arm/arm-gnu-toolchain/bin/../lib/gcc/arm-none-eabi/6.3.1/../../../../arm-none-eabi/lib/thumb/v7-m\libc.a(lib_a-atexit.o) (__register_exitproc)

Allocating common symbols
Common symbol       size              file

__lock___atexit_recursive_mutex
[...]
Memory Configuration

Name             Origin             Length             Attributes
rom              0x00080000         0x00080000         xr
ram              0x20000000         0x00018000         xrw
*default*        0x00000000         0xffffffff

Linker script and memory map

LOAD c:/program files (x86)/atmel/studio/7.0/toolchain/arm/arm-gnu-toolchain/bin/../lib/gcc/arm-none-eabi/6.3.1/thumb/v7-m/crti.o
LOAD c:/program files (x86)/atmel/studio/7.0/toolchain/arm/arm-gnu-toolchain/bin/../lib/gcc/arm-none-eabi/6.3.1/thumb/v7-m/crtbegin.o
LOAD c:/program files (x86)/atmel/studio/7.0/toolchain/arm/arm-gnu-toolchain/bin/../lib/gcc/arm-none-eabi/6.3.1/../../../../arm-none-eabi/lib/thumb/v7-m/crt0.o
LOAD adc.o
LOAD pid.o
LOAD dac.o
LOAD delay.o
LOAD Device_Startup/startup_sam3xa.o
LOAD Device_Startup/system_sam3xa.o
LOAD led.o
LOAD main.o
LOAD pwm.o
LOAD utdelt/can_controller.o
LOAD utdelt/can_interrupt.o
LOAD utdelt/printf-stdarg.o
LOAD utdelt/uart.o
START GROUP
LOAD c:/program files (x86)/atmel/studio/7.0/toolchain/arm/arm-gnu-toolchain/bin/../lib/gcc/arm-none-eabi/6.3.1/../../../../arm-none-eabi/lib/thumb/v7-m\libm.a
END GROUP
START GROUP
LOAD c:/program files (x86)/atmel/studio/7.0/toolchain/arm/arm-gnu-toolchain/bin/../lib/gcc/arm-none-eabi/6.3.1/thumb/v7-m\libgcc.a
LOAD c:/program files (x86)/atmel/studio/7.0/toolchain/arm/arm-gnu-toolchain/bin/../lib/gcc/arm-none-eabi/6.3.1/../../../../arm-none-eabi/lib/thumb/v7-m\libc.a
END GROUP
LOAD c:/program files (x86)/atmel/studio/7.0/toolchain/arm/arm-gnu-toolchain/bin/../lib/gcc/arm-none-eabi/6.3.1/thumb/v7-m/crtend.o
LOAD c:/program files (x86)/atmel/studio/7.0/toolchain/arm/arm-gnu-toolchain/bin/../lib/gcc/arm-none-eabi/6.3.1/thumb/v7-m/crtn.o
                0x00000400                STACK_SIZE = DEFINED (STACK_SIZE)?STACK_SIZE:0x400
                0x00000200                HEAP_SIZE = DEFINED (HEAP_SIZE)?HEAP_SIZE:0x200

.text           0x00080000      0xd94
                0x00080000                . = ALIGN (0x4)
                0x00080000                _sfixed = .
 *(.vectors .vectors.*)
 .vectors       0x00080000       0xf4 Device_Startup/startup_sam3xa.o
                0x00080000                exception_table
 *(.text .text.* .gnu.linkonce.t.*)
 .text          0x000800f4       0x6c c:/program files (x86)/atmel/studio/7.0/toolchain/arm/arm-gnu-toolchain/bin/../lib/gcc/arm-none-eabi/6.3.1/thumb/v7-m/crtbegin.o
 .text.adc_init
                0x00080160       0x3c adc.o
                0x00080160                adc_init
 .text.get_stat
                0x0008019c       0x68 pid.o
                0x0008019c                get_stat
 .text.calibrate_enc
                0x00080204       0x1c pid.o
                0x00080204                calibrate_enc
 .text.set_dir_RtoL
                0x00080220       0x10 pid.o
                0x00080220                set_dir_RtoL
 .text.set_dir_LtoR
                0x00080230       0x10 pid.o
                0x00080230                set_dir_LtoR
 .text.controller
                0x00080240       0x24 pid.o
                0x00080240                controller
 .text.motor_init
                0x00080264       0x5c pid.o
                0x00080264                motor_init
 .text.dac_init
                0x000802c0       0x3c dac.o
                0x000802c0                dac_init
 .text.dac_transmit
                0x000802fc       0x10 dac.o
                0x000802fc                dac_transmit
 .text.SysTick_init_ms
                0x0008030c       0x34 delay.o
 .text._delay_ms
                0x00080340       0x20 delay.o
                0x00080340                _delay_ms
 .text.SysTick_Handler
                0x00080360       0x20 delay.o
                0x00080360                SysTick_Handler
 .text.Dummy_Handler
                0x00080380        0x2 Device_Startup/startup_sam3xa.o
                0x00080380                DACC_Handler
                0x00080380                DebugMon_Handler
                0x00080380                DMAC_Handler
                0x00080380                TRNG_Handler
                0x00080380                HardFault_Handler
                0x00080380                TC2_Handler
                0x00080380                USART3_Handler
                0x00080380                TWI1_Handler
                0x00080380                PendSV_Handler
                0x00080380                NMI_Handler
                0x00080380                TC7_Handler
                0x00080380                ADC_Handler
                0x00080380                SMC_Handler
                0x00080380                USART0_Handler
                0x00080380                RTT_Handler
                0x00080380                EFC1_Handler
                0x00080380                PIOB_Handler
                0x00080380                RTC_Handler
                0x00080380                UsageFault_Handler
                0x00080380                TC6_Handler
                0x00080380                WDT_Handler
                0x00080380                TC4_Handler
                0x00080380                TC1_Handler
                0x00080380                HSMCI_Handler
                0x00080380                TC3_Handler
                0x00080380                Dummy_Handler
                0x00080380                TWI0_Handler
                0x00080380                USART1_Handler
                0x00080380                PIOA_Handler
                0x00080380                SSC_Handler
                0x00080380                EFC0_Handler
                0x00080380                PMC_Handler
                0x00080380                PWM_Handler
                0x00080380                CAN1_Handler
                0x00080380                MemManage_Handler
                0x00080380                SUPC_Handler
                0x00080380                SVC_Handler
                0x00080380                TC8_Handler
                0x00080380                USART2_Handler
                0x00080380                PIOD_Handler
                0x00080380                EMAC_Handler
                0x00080380                PIOC_Handler
                0x00080380                BusFault_Handler
                0x00080380                RSTC_Handler
                0x00080380                TC0_Handler
                0x00080380                TC5_Handler
                0x00080380                UOTGHS_Handler
                0x00080380                SPI0_Handler
 *fill*         0x00080382        0x2 
 .text.Reset_Handler
                0x00080384       0x6c Device_Startup/startup_sam3xa.o
                0x00080384                Reset_Handler
 .text.SystemInit
                0x000803f0       0xa4 Device_Startup/system_sam3xa.o
                0x000803f0                SystemInit
 .text.main     0x00080494       0x98 main.o
                0x00080494                main
 .text.pwm      0x0008052c       0x6c pwm.o
                0x0008052c                pwm
 .text.can_init
                0x00080598       0xe4 utdelt/can_controller.o
                0x00080598                can_init
 .text.can_init_def_tx_rx_mb
                0x0008067c       0x10 utdelt/can_controller.o
                0x0008067c                can_init_def_tx_rx_mb
 .text.can_receive
                0x0008068c       0x84 utdelt/can_controller.o
                0x0008068c                can_receive
 .text.CAN0_Handler
                0x00080710       0x8c utdelt/can_interrupt.o
                0x00080710                CAN0_Handler
 .text.get_js_pos
                0x0008079c       0x18 utdelt/can_interrupt.o
                0x0008079c                get_js_pos
 .text.printchar
                0x000807b4       0x10 utdelt/printf-stdarg.o
 .text.prints   0x000807c4       0x84 utdelt/printf-stdarg.o
 .text.printi   0x00080848       0xac utdelt/printf-stdarg.o
 .text.print    0x000808f4      0x150 utdelt/printf-stdarg.o
 .text.printf   0x00080a44       0x24 utdelt/printf-stdarg.o
                0x00080a44                printf
 .text.configure_uart
                0x00080a68       0x68 utdelt/uart.o
                0x00080a68                configure_uart
 .text.uart_putchar
                0x00080ad0       0x24 utdelt/uart.o
                0x00080ad0                uart_putchar
 .text.UART_Handler
                0x00080af4       0x68 utdelt/uart.o
                0x00080af4                UART_Handler
 .text.__libc_init_array
                0x00080b5c       0x50 c:/program files (x86)/atmel/studio/7.0/toolchain/arm/arm-gnu-toolchain/bin/../lib/gcc/arm-none-eabi/6.3.1/../../../../arm-none-eabi/lib/thumb/v7-m\libc.a(lib_a-init.o)
                0x00080b5c                __libc_init_array
 .text.startup.register_fini
                0x00080bac       0x14 c:/program files (x86)/atmel/studio/7.0/toolchain/arm/arm-gnu-toolchain/bin/../lib/gcc/arm-none-eabi/6.3.1/../../../../arm-none-eabi/lib/thumb/v7-m\libc.a(lib_a-__call_atexit.o)
 .text.atexit   0x00080bc0        0xc c:/program files (x86)/atmel/studio/7.0/toolchain/arm/arm-gnu-toolchain/bin/../lib/gcc/arm-none-eabi/6.3.1/../../../../arm-none-eabi/lib/thumb/v7-m\libc.a(lib_a-atexit.o)
                0x00080bc0                atexit
 .text.__libc_fini_array
                0x00080bcc       0x34 c:/program files (x86)/atmel/studio/7.0/toolchain/arm/arm-gnu-toolchain/bin/../lib/gcc/arm-none-eabi/6.3.1/../../../../arm-none-eabi/lib/thumb/v7-m\libc.a(lib_a-fini.o)
                0x00080bcc                __libc_fini_array
 .text.__retarget_lock_acquire_recursive
                0x00080c00        0x4 c:/program files (x86)/atmel/studio/7.0/toolchain/arm/arm-gnu-toolchain/bin/../lib/gcc/arm-none-eabi/6.3.1/../../../../arm-none-eabi/lib/thumb/v7-m\libc.a(lib_a-lock.o)
                0x00080c00                __retarget_lock_acquire_recursive
 .text.__retarget_lock_release_recursive
                0x00080c04        0x4 c:/program files (x86)/atmel/studio/7.0/toolchain/arm/arm-gnu-toolchain/bin/../lib/gcc/arm-none-eabi/6.3.1/../../../../arm-none-eabi/lib/thumb/v7-m\libc.a(lib_a-lock.o)
                0x00080c04                __retarget_lock_release_recursive
 .text.__register_exitproc
                0x00080c08       0xc4 c:/program files (x86)/atmel/studio/7.0/toolchain/arm/arm-gnu-toolchain/bin/../lib/gcc/arm-none-eabi/6.3.1/../../../../arm-none-eabi/lib/thumb/v7-m\libc.a(lib_a-__atexit.o)
                0x00080c08                __register_exitproc
 *(.glue_7t)
 .glue_7t       0x00080ccc        0x0 linker stubs
 *(.glue_7)
 .glue_7        0x00080ccc        0x0 linker stubs
 *(.rodata .rodata* .gnu.linkonce.r.*)
 .rodata.str1.4
                0x00080ccc       0x4b main.o
 *fill*         0x00080d17        0x1 
 .rodata.str1.4
                0x00080d18       0x2b utdelt/can_interrupt.o
 *fill*         0x00080d43        0x1 
 .rodata.str1.4
                0x00080d44        0x7 utdelt/printf-stdarg.o
 *fill*         0x00080d4b        0x1 
 .rodata.str1.4
                0x00080d4c       0x20 utdelt/uart.o
                                 0x1e (size before relaxing)
 .rodata._global_impure_ptr
                0x00080d6c        0x4 c:/program files (x86)/atmel/studio/7.0/toolchain/arm/arm-gnu-toolchain/bin/../lib/gcc/arm-none-eabi/6.3.1/../../../../arm-none-eabi/lib/thumb/v7-m\libc.a(lib_a-impure.o)
                0x00080d6c                _global_impure_ptr
 *(.ARM.extab* .gnu.linkonce.armextab.*)
                0x00080d70                . = ALIGN (0x4)
 *(.init)
 .init          0x00080d70        0x4 c:/program files (x86)/atmel/studio/7.0/toolchain/arm/arm-gnu-toolchain/bin/../lib/gcc/arm-none-eabi/6.3.1/thumb/v7-m/crti.o
                0x00080d70                _init
 .init          0x00080d74        0x8 c:/program files (x86)/atmel/studio/7.0/toolchain/arm/arm-gnu-toolchain/bin/../lib/gcc/arm-none-eabi/6.3.1/thumb/v7-m/crtn.o
                0x00080d7c                . = ALIGN (0x4)
                0x00080d7c                __preinit_array_start = .
 *(.preinit_array)
                0x00080d7c                __preinit_array_end = .
                0x00080d7c                . = ALIGN (0x4)
                0x00080d7c                __init_array_start = .
 *(SORT(.init_array.*))
 .init_array.00000
                0x00080d7c        0x4 c:/program files (x86)/atmel/studio/7.0/toolchain/arm/arm-gnu-toolchain/bin/../lib/gcc/arm-none-eabi/6.3.1/../../../../arm-none-eabi/lib/thumb/v7-m\libc.a(lib_a-__call_atexit.o)
 *(.init_array)
 .init_array    0x00080d80        0x4 c:/program files (x86)/atmel/studio/7.0/toolchain/arm/arm-gnu-toolchain/bin/../lib/gcc/arm-none-eabi/6.3.1/thumb/v7-m/crtbegin.o
                0x00080d84                __init_array_end = .
                0x00080d84                . = ALIGN (0x4)
 *crtbegin.o(.ctors)
 *(EXCLUDE_FILE(*crtend.o) .ctors)
 *(SORT(.ctors.*))
 *crtend.o(.ctors)
                0x00080d84                . = ALIGN (0x4)
 *(.fini)
 .fini          0x00080d84        0x4 c:/program files (x86)/atmel/studio/7.0/toolchain/arm/arm-gnu-toolchain/bin/../lib/gcc/arm-none-eabi/6.3.1/thumb/v7-m/crti.o
                0x00080d84                _fini
 .fini          0x00080d88        0x8 c:/program files (x86)/atmel/studio/7.0/toolchain/arm/arm-gnu-toolchain/bin/../lib/gcc/arm-none-eabi/6.3.1/thumb/v7-m/crtn.o
                0x00080d90                . = ALIGN (0x4)
                0x00080d90                __fini_array_start = .
 *(.fini_array)
 .fini_array    0x00080d90        0x4 c:/program files (x86)/atmel/studio/7.0/toolchain/arm/arm-gnu-toolchain/bin/../lib/gcc/arm-none-eabi/6.3.1/thumb/v7-m/crtbegin.o
 *(SORT(.fini_array.*))
                0x00080d94                __fini_array_end = .
 *crtbegin.o(.dtors)
 *(EXCLUDE_FILE(*crtend.o) .dtors)
 *(SORT(.dtors.*))
 *crtend.o(.dtors)
                0x00080d94                . = ALIGN (0x4)
                0x00080d94                _efixed = .
                [!provide]                PROVIDE (__exidx_start, .)

.vfp11_veneer   0x00080d94        0x0
 .vfp11_veneer  0x00080d94        0x0 linker stubs

.v4_bx          0x00080d94        0x0
 .v4_bx         0x00080d94        0x0 linker stubs

.iplt           0x00080d94        0x0
 .iplt          0x00080d94        0x0 c:/program files (x86)/atmel/studio/7.0/toolchain/arm/arm-gnu-toolchain/bin/../lib/gcc/arm-none-eabi/6.3.1/thumb/v7-m/crtbegin.o

.eh_frame       0x00080d94        0x0
 .eh_frame      0x00080d94        0x0 c:/program files (x86)/atmel/studio/7.0/toolchain/arm/arm-gnu-toolchain/bin/../lib/gcc/arm-none-eabi/6.3.1/thumb/v7-m/crtbegin.o

.rel.dyn        0x00080d94        0x0
 .rel.iplt      0x00080d94        0x0 c:/program files (x86)/atmel/studio/7.0/toolchain/arm/arm-gnu-toolchain/bin/../lib/gcc/arm-none-eabi/6.3.1/thumb/v7-m/crtbegin.o

.jcr            0x00080d94        0x0
 .jcr           0x00080d94        0x0 c:/program files (x86)/atmel/studio/7.0/toolchain/arm/arm-gnu-toolchain/bin/../lib/gcc/arm-none-eabi/6.3.1/thumb/v7-m/crtbegin.o

.igot.plt       0x00080d94        0x0
 .igot.plt      0x00080d94        0x0 c:/program files (x86)/atmel/studio/7.0/toolchain/arm/arm-gnu-toolchain/bin/../lib/gcc/arm-none-eabi/6.3.1/thumb/v7-m/crtbegin.o

.ARM.exidx
 *(.ARM.exidx* .gnu.linkonce.armexidx.*)
                [!provide]                PROVIDE (__exidx_end, .)
                0x00080d94                . = ALIGN (0x4)
                0x00080d94                _etext = .

.relocate       0x20000000      0x434 load address 0x00080d94
                0x20000000                . = ALIGN (0x4)
                0x20000000                _srelocate = .
 *(.ramfunc .ramfunc.*)
 *(.data .data.*)
 .data          0x20000000        0x4 Device_Startup/system_sam3xa.o
                0x20000000                SystemCoreClock
 *fill*         0x20000004        0x4 
 .data.impure_data
                0x20000008      0x428 c:/program files (x86)/atmel/studio/7.0/toolchain/arm/arm-gnu-toolchain/bin/../lib/gcc/arm-none-eabi/6.3.1/../../../../arm-none-eabi/lib/thumb/v7-m\libc.a(lib_a-impure.o)
 .data.__atexit_recursive_mutex
                0x20000430        0x4 c:/program files (x86)/atmel/studio/7.0/toolchain/arm/arm-gnu-toolchain/bin/../lib/gcc/arm-none-eabi/6.3.1/../../../../arm-none-eabi/lib/thumb/v7-m\libc.a(lib_a-__call_atexit.o)
                0x20000430                __atexit_recursive_mutex
                0x20000434                . = ALIGN (0x4)
                0x20000434                _erelocate = .

.bss            0x20000434       0x8c load address 0x000811c8
                0x20000434                . = ALIGN (0x4)
                0x20000434                _sbss = .
                0x20000434                _szero = .
 *(.bss .bss.*)
 .bss           0x20000434       0x1c c:/program files (x86)/atmel/studio/7.0/toolchain/arm/arm-gnu-toolchain/bin/../lib/gcc/arm-none-eabi/6.3.1/thumb/v7-m/crtbegin.o
 .bss           0x20000450        0x4 delay.o
                0x20000450                wait_ticks
 *(COMMON)
 COMMON         0x20000454        0x4 utdelt/can_interrupt.o
                0x20000454                js_pos_2
 COMMON         0x20000458       0x42 utdelt/uart.o
                0x20000458                rx_buffer
 *fill*         0x2000049a        0x2 
 COMMON         0x2000049c       0x21 c:/program files (x86)/atmel/studio/7.0/toolchain/arm/arm-gnu-toolchain/bin/../lib/gcc/arm-none-eabi/6.3.1/../../../../arm-none-eabi/lib/thumb/v7-m\libc.a(lib_a-lock.o)
                0x2000049c                __lock___atexit_recursive_mutex
                0x200004a0                __lock___arc4random_mutex
                0x200004a4                __lock___env_recursive_mutex
                0x200004a8                __lock___sinit_recursive_mutex
                0x200004ac                __lock___malloc_recursive_mutex
                0x200004b0                __lock___at_quick_exit_mutex
                0x200004b4                __lock___dd_hash_mutex
                0x200004b8                __lock___tz_mutex
                0x200004bc                __lock___sfp_recursive_mutex
                0x200004c0                . = ALIGN (0x4)
 *fill*         0x200004bd        0x3 
                0x200004c0                _ebss = .
                0x200004c0                _ezero = .

.stack          0x200004c0      0x400 load address 0x00081254
                0x200004c0                . = ALIGN (0x8)
                0x200004c0                _sstack = .
                0x200008c0                . = (. + STACK_SIZE)
 *fill*         0x200004c0      0x400 
                0x200008c0                . = ALIGN (0x8)
                0x200008c0                _estack = .

.heap           0x200008c0      0x200 load address 0x00081654
                0x200008c0                . = ALIGN (0x8)
                0x200008c0                _sheap = .
                0x20000ac0                . = (. + HEAP_SIZE)
 *fill*         0x200008c0      0x200 
                0x20000ac0                . = ALIGN (0x8)
                0x20000ac0                _eheap = .
                0x20000ac0                . = ALIGN (0x4)
                0x20000ac0                _end = .
                0x20017fff                _ram_end_ = ((ORIGIN (ram) + LENGTH (ram)) - 0x1)
OUTPUT(Node2.elf elf32-littlearm)

.ARM.attributes
                0x00000000       0x29
 .ARM.attributes
                0x00000000       0x1d c:/program files (x86)/atmel/studio/7.0/toolchain/arm/arm-gnu-toolchain/bin/../lib/gcc/arm-none-eabi/6.3.1/thumb/v7-m/crti.o
 .ARM.attributes
                0x0000001d       0x2d c:/program files (x86)/atmel/studio/7.0/toolchain/arm/arm-gnu-toolchain/bin/../lib/gcc/arm-none-eabi/6.3.1/thumb/v7-m/crtbegin.o
 .ARM.attributes
                0x0000004a       0x33 adc.o
 .ARM.attributes
                0x0000007d       0x33 pid.o
 .ARM.attributes
                0x000000b0       0x33 dac.o
 .ARM.attributes
                0x000000e3       0x33 delay.o
 .ARM.attributes
                0x00000116       0x33 Device_Startup/startup_sam3xa.o
 .ARM.attributes
                0x00000149       0x33 Device_Startup/system_sam3xa.o
 .ARM.attributes
                0x0000017c       0x33 main.o
 .ARM.attributes
                0x000001af       0x33 pwm.o
 .ARM.attributes
                0x000001e2       0x33 utdelt/can_controller.o
 .ARM.attributes
                0x00000215       0x33 utdelt/can_interrupt.o
 .ARM.attributes
                0x00000248       0x33 utdelt/printf-stdarg.o
 .ARM.attributes
                0x0000027b       0x33 utdelt/uart.o
 .ARM.attributes
                0x000002ae       0x2d c:/program files (x86)/atmel/studio/7.0/toolchain/arm/arm-gnu-toolchain/bin/../lib/gcc/arm-none-eabi/6.3.1/../../../../arm-none-eabi/lib/thumb/v7-m\libc.a(lib_a-impure.o)
 .ARM.attributes
                0x000002db       0x2d c:/program files (x86)/atmel/studio/7.0/toolchain/arm/arm-gnu-toolchain/bin/../lib/gcc/arm-none-eabi/6.3.1/../../../../arm-none-eabi/lib/thumb/v7-m\libc.a(lib_a-init.o)
 .ARM.attributes
                0x00000308       0x2d c:/program files (x86)/atmel/studio/7.0/toolchain/arm/arm-gnu-toolchain/bin/../lib/gcc/arm-none-eabi/6.3.1/../../../../arm-none-eabi/lib/thumb/v7-m\libc.a(lib_a-__call_atexit.o)
 .ARM.attributes
                0x00000335       0x2d c:/program files (x86)/atmel/studio/7.0/toolchain/arm/arm-gnu-toolchain/bin/../lib/gcc/arm-none-eabi/6.3.1/../../../../arm-none-eabi/lib/thumb/v7-m\libc.a(lib_a-atexit.o)
 .ARM.attributes
                0x00000362       0x2d c:/program files (x86)/atmel/studio/7.0/toolchain/arm/arm-gnu-toolchain/bin/../lib/gcc/arm-none-eabi/6.3.1/../../../../arm-none-eabi/lib/thumb/v7-m\libc.a(lib_a-fini.o)
 .ARM.attributes
                0x0000038f       0x2d c:/program files (x86)/atmel/studio/7.0/toolchain/arm/arm-gnu-toolchain/bin/../lib/gcc/arm-none-eabi/6.3.1/../../../../arm-none-eabi/lib/thumb/v7-m\libc.a(lib_a-lock.o)
 .ARM.attributes
                0x000003bc       0x2d c:/program files (x86)/atmel/studio/7.0/toolchain/arm/arm-gnu-toolchain/bin/../lib/gcc/arm-none-eabi/6.3.1/../../../../arm-none-eabi/lib/thumb/v7-m\libc.a(lib_a-__atexit.o)
 .ARM.attributes
                0x000003e9       0x1d c:/program files (x86)/atmel/studio/7.0/toolchain/arm/arm-gnu-toolchain/bin/../lib/gcc/arm-none-eabi/6.3.1/thumb/v7-m/crtn.o

.comment        0x00000000       0x59
 .comment       0x00000000       0x59 adc.o
                                 0x5a (size before relaxing)
 .comment       0x00000059       0x5a pid.o
 .comment       0x00000059       0x5a dac.o
 .comment       0x00000059       0x5a delay.o
 .comment       0x00000059       0x5a Device_Startup/startup_sam3xa.o
 .comment       0x00000059       0x5a Device_Startup/system_sam3xa.o
 .comment       0x00000059       0x5a main.o
 .comment       0x00000059       0x5a pwm.o
 .comment       0x00000059       0x5a utdelt/can_controller.o
 .comment       0x00000059       0x5a utdelt/can_interrupt.o
 .comment       0x00000059       0x5a utdelt/printf-stdarg.o
 .comment       0x00000059       0x5a utdelt/uart.o

.debug_info     0x00000000     0x77a8
 .debug_info    0x00000000      0x652 adc.o
 .debug_info    0x00000652      0x888 pid.o
 .debug_info    0x00000eda      0xe9d dac.o
 .debug_info    0x00001d77      0x66e delay.o
 .debug_info    0x000023e5      0x74e Device_Startup/startup_sam3xa.o
 .debug_info    0x00002b33      0x444 Device_Startup/system_sam3xa.o
 .debug_info    0x00002f77      0xc5a main.o
 .debug_info    0x00003bd1      0xc12 pwm.o
 .debug_info    0x000047e3      0xd68 utdelt/can_controller.o
 .debug_info    0x0000554b     0x1007 utdelt/can_interrupt.o
 .debug_info    0x00006552      0x60b utdelt/printf-stdarg.o
 .debug_info    0x00006b5d      0xc4b utdelt/uart.o

.debug_abbrev   0x00000000     0x1599
 .debug_abbrev  0x00000000      0x133 adc.o
 .debug_abbrev  0x00000133      0x1c9 pid.o
 .debug_abbrev  0x000002fc      0x1e5 dac.o
 .debug_abbrev  0x000004e1      0x1b3 delay.o
 .debug_abbrev  0x00000694      0x153 Device_Startup/startup_sam3xa.o
 .debug_abbrev  0x000007e7      0x102 Device_Startup/system_sam3xa.o
 .debug_abbrev  0x000008e9      0x266 main.o
 .debug_abbrev  0x00000b4f      0x16b pwm.o
 .debug_abbrev  0x00000cba      0x212 utdelt/can_controller.o
 .debug_abbrev  0x00000ecc      0x2fe utdelt/can_interrupt.o
 .debug_abbrev  0x000011ca      0x194 utdelt/printf-stdarg.o
 .debug_abbrev  0x0000135e      0x23b utdelt/uart.o

.debug_loc      0x00000000     0x11b6
 .debug_loc     0x00000000       0xac adc.o
 .debug_loc     0x000000ac      0x172 pid.o
 .debug_loc     0x0000021e       0x38 dac.o
 .debug_loc     0x00000256       0x8b delay.o
 .debug_loc     0x000002e1       0x78 Device_Startup/startup_sam3xa.o
 .debug_loc     0x00000359       0x3f main.o
 .debug_loc     0x00000398      0x124 pwm.o
 .debug_loc     0x000004bc      0x2b5 utdelt/can_controller.o
 .debug_loc     0x00000771       0xa5 utdelt/can_interrupt.o
 .debug_loc     0x00000816      0x8d2 utdelt/printf-stdarg.o
 .debug_loc     0x000010e8       0xce utdelt/uart.o

.debug_aranges  0x00000000      0x260
 .debug_aranges
                0x00000000       0x30 adc.o
 .debug_aranges
                0x00000030       0x48 pid.o
 .debug_aranges
                0x00000078       0x28 dac.o
 .debug_aranges
                0x000000a0       0x30 delay.o
 .debug_aranges
                0x000000d0       0x28 Device_Startup/startup_sam3xa.o
 .debug_aranges
                0x000000f8       0x30 Device_Startup/system_sam3xa.o
 .debug_aranges
                0x00000128       0x20 main.o
 .debug_aranges
                0x00000148       0x30 pwm.o
 .debug_aranges
                0x00000178       0x38 utdelt/can_controller.o
 .debug_aranges
                0x000001b0       0x28 utdelt/can_interrupt.o
 .debug_aranges
                0x000001d8       0x50 utdelt/printf-stdarg.o
 .debug_aranges
                0x00000228       0x38 utdelt/uart.o

.debug_ranges   0x00000000      0x1d0
 .debug_ranges  0x00000000       0x20 adc.o
 .debug_ranges  0x00000020       0x38 pid.o
 .debug_ranges  0x00000058       0x18 dac.o
 .debug_ranges  0x00000070       0x20 delay.o
 .debug_ranges  0x00000090       0x18 Device_Startup/startup_sam3xa.o
 .debug_ranges  0x000000a8       0x20 Device_Startup/system_sam3xa.o
 .debug_ranges  0x000000c8       0x10 main.o
 .debug_ranges  0x000000d8       0x20 pwm.o
 .debug_ranges  0x000000f8       0x28 utdelt/can_controller.o
 .debug_ranges  0x00000120       0x30 utdelt/can_interrupt.o
 .debug_ranges  0x00000150       0x58 utdelt/printf-stdarg.o
 .debug_ranges  0x000001a8       0x28 utdelt/uart.o

.debug_macro    0x00000000    0x135b3
 .debug_macro   0x00000000      0x37b adc.o
 .debug_macro   0x0000037b      0x8b0 adc.o
 .debug_macro   0x00000c2b       0x22 adc.o
 .debug_macro   0x00000c4d       0x87 adc.o
 .debug_macro   0x00000cd4       0x51 adc.o
 .debug_macro   0x00000d25       0xef adc.o
 .debug_macro   0x00000e14       0x6a adc.o
 .debug_macro   0x00000e7e      0x1df adc.o
 .debug_macro   0x0000105d       0x20 adc.o
 .debug_macro   0x0000107d       0x1c adc.o
 .debug_macro   0x00001099       0x22 adc.o
 .debug_macro   0x000010bb       0xc3 adc.o
 .debug_macro   0x0000117e      0xe49 adc.o
 .debug_macro   0x00001fc7      0x11f adc.o
 .debug_macro   0x000020e6      0xa7d adc.o
 .debug_macro   0x00002b63      0x55a adc.o
 .debug_macro   0x000030bd      0x1a8 adc.o
 .debug_macro   0x00003265      0x30b adc.o
 .debug_macro   0x00003570      0x709 adc.o
 .debug_macro   0x00003c79       0xd6 adc.o
 .debug_macro   0x00003d4f      0x56c adc.o
 .debug_macro   0x000042bb       0x1c adc.o
 .debug_macro   0x000042d7      0x678 adc.o
 .debug_macro   0x0000494f      0x51e adc.o
 .debug_macro   0x00004e6d       0xbe adc.o
 .debug_macro   0x00004f2b     0x2333 adc.o
 .debug_macro   0x0000725e      0x7d1 adc.o
 .debug_macro   0x00007a2f      0xdbb adc.o
 .debug_macro   0x000087ea       0x9a adc.o
 .debug_macro   0x00008884      0x29c adc.o
 .debug_macro   0x00008b20       0x58 adc.o
 .debug_macro   0x00008b78      0x999 adc.o
 .debug_macro   0x00009511      0x22d adc.o
 .debug_macro   0x0000973e      0x4b4 adc.o
 .debug_macro   0x00009bf2      0x64a adc.o
 .debug_macro   0x0000a23c      0x590 adc.o
 .debug_macro   0x0000a7cc       0x46 adc.o
 .debug_macro   0x0000a812      0x33f adc.o
 .debug_macro   0x0000ab51      0x27e adc.o
 .debug_macro   0x0000adcf     0x14dc adc.o
 .debug_macro   0x0000c2ab      0x7cf adc.o
 .debug_macro   0x0000ca7a       0x76 adc.o
 .debug_macro   0x0000caf0       0x82 adc.o
 .debug_macro   0x0000cb72       0x76 adc.o
 .debug_macro   0x0000cbe8       0x4c adc.o
 .debug_macro   0x0000cc34      0x100 adc.o
 .debug_macro   0x0000cd34      0x100 adc.o
 .debug_macro   0x0000ce34      0x100 adc.o
 .debug_macro   0x0000cf34       0x88 adc.o
 .debug_macro   0x0000cfbc       0x88 adc.o
 .debug_macro   0x0000d044      0x3b4 adc.o
 .debug_macro   0x0000d3f8       0xbe adc.o
 .debug_macro   0x0000d4b6       0xbe adc.o
 .debug_macro   0x0000d574       0xbe adc.o
 .debug_macro   0x0000d632       0xbe adc.o
 .debug_macro   0x0000d6f0      0x2b8 adc.o
 .debug_macro   0x0000d9a8      0x118 adc.o
 .debug_macro   0x0000dac0      0x216 adc.o
 .debug_macro   0x0000dcd6      0x216 adc.o
 .debug_macro   0x0000deec       0x2e adc.o
 .debug_macro   0x0000df1a       0xac adc.o
 .debug_macro   0x0000dfc6      0x13e adc.o
 .debug_macro   0x0000e104       0x7c adc.o
 .debug_macro   0x0000e180      0x1f6 adc.o
 .debug_macro   0x0000e376       0x64 adc.o
 .debug_macro   0x0000e3da       0xa6 adc.o
 .debug_macro   0x0000e480       0x7c adc.o
 .debug_macro   0x0000e4fc       0x16 adc.o
 .debug_macro   0x0000e512       0x22 adc.o
 .debug_macro   0x0000e534       0x22 adc.o
 .debug_macro   0x0000e556      0x10c adc.o
 .debug_macro   0x0000e662      0x10c adc.o
 .debug_macro   0x0000e76e      0x10c adc.o
 .debug_macro   0x0000e87a      0x10c adc.o
 .debug_macro   0x0000e986       0x1c adc.o
 .debug_macro   0x0000e9a2       0x2e adc.o
 .debug_macro   0x0000e9d0       0x22 adc.o
 .debug_macro   0x0000e9f2       0x1c adc.o
 .debug_macro   0x0000ea0e       0x58 adc.o
 .debug_macro   0x0000ea66       0x10 adc.o
 .debug_macro   0x0000ea76      0x27a adc.o
 .debug_macro   0x0000ecf0      0xd34 adc.o
 .debug_macro   0x0000fa24      0x170 adc.o
 .debug_macro   0x0000fb94      0x37a pid.o
 .debug_macro   0x0000ff0e       0x3a pid.o
 .debug_macro   0x0000ff48      0x4c9 dac.o
 .debug_macro   0x00010411       0x58 dac.o
 .debug_macro   0x00010469       0x35 dac.o
 .debug_macro   0x0001049e       0x9c dac.o
 .debug_macro   0x0001053a       0x16 dac.o
 .debug_macro   0x00010550       0x97 dac.o
 .debug_macro   0x000105e7      0x34d dac.o
 .debug_macro   0x00010934       0xf6 dac.o
 .debug_macro   0x00010a2a       0x10 dac.o
 .debug_macro   0x00010a3a       0x58 dac.o
 .debug_macro   0x00010a92       0x1f dac.o
 .debug_macro   0x00010ab1       0x43 dac.o
 .debug_macro   0x00010af4       0x20 dac.o
 .debug_macro   0x00010b14      0x187 dac.o
 .debug_macro   0x00010c9b       0x10 dac.o
 .debug_macro   0x00010cab       0x1c dac.o
 .debug_macro   0x00010cc7       0x52 dac.o
 .debug_macro   0x00010d19       0x40 dac.o
 .debug_macro   0x00010d59       0x10 dac.o
 .debug_macro   0x00010d69       0x40 dac.o
 .debug_macro   0x00010da9       0xd7 dac.o
 .debug_macro   0x00010e80       0x16 dac.o
 .debug_macro   0x00010e96      0x18b dac.o
 .debug_macro   0x00011021      0x37f delay.o
 .debug_macro   0x000113a0       0x26 delay.o
 .debug_macro   0x000113c6      0x371 Device_Startup/startup_sam3xa.o
 .debug_macro   0x00011737      0x383 Device_Startup/system_sam3xa.o
 .debug_macro   0x00011aba      0x51e main.o
 .debug_macro   0x00011fd8       0x10 main.o
 .debug_macro   0x00011fe8       0x2e main.o
 .debug_macro   0x00012016      0x37b pwm.o
 .debug_macro   0x00012391      0x384 utdelt/can_controller.o
 .debug_macro   0x00012715       0x28 utdelt/can_controller.o
 .debug_macro   0x0001273d      0x4d6 utdelt/can_interrupt.o
 .debug_macro   0x00012c13       0x52 utdelt/can_interrupt.o
 .debug_macro   0x00012c65       0x8d utdelt/can_interrupt.o
 .debug_macro   0x00012cf2       0x57 utdelt/can_interrupt.o
 .debug_macro   0x00012d49      0x353 utdelt/can_interrupt.o
 .debug_macro   0x0001309c       0xbd utdelt/can_interrupt.o
 .debug_macro   0x00013159       0x8e utdelt/printf-stdarg.o
 .debug_macro   0x000131e7       0x58 utdelt/printf-stdarg.o
 .debug_macro   0x0001323f      0x374 utdelt/uart.o

.debug_line     0x00000000     0x584d
 .debug_line    0x00000000      0x722 adc.o
 .debug_line    0x00000722      0x767 pid.o
 .debug_line    0x00000e89      0x826 dac.o
 .debug_line    0x000016af      0x730 delay.o
 .debug_line    0x00001ddf      0x728 Device_Startup/startup_sam3xa.o
 .debug_line    0x00002507      0x785 Device_Startup/system_sam3xa.o
 .debug_line    0x00002c8c      0x8bd main.o
 .debug_line    0x00003549      0x723 pwm.o
 .debug_line    0x00003c6c      0x7e3 utdelt/can_controller.o
 .debug_line    0x0000444f      0x8c0 utdelt/can_interrupt.o
 .debug_line    0x00004d0f      0x3d0 utdelt/printf-stdarg.o
 .debug_line    0x000050df      0x76e utdelt/uart.o

.debug_str      0x00000000    0x555c1
 .debug_str     0x00000000    0x5005e adc.o
                              0x50205 (size before relaxing)
 .debug_str     0x0005005e      0x2eb pid.o
                              0x503e5 (size before relaxing)
 .debug_str     0x00050349     0x4143 dac.o
                              0x542f8 (size before relaxing)
 .debug_str     0x0005448c      0x351 delay.o
                              0x5033c (size before relaxing)
 .debug_str     0x000547dd      0x4b2 Device_Startup/startup_sam3xa.o
                              0x504c2 (size before relaxing)
 .debug_str     0x00054c8f      0x195 Device_Startup/system_sam3xa.o
                              0x50255 (size before relaxing)
 .debug_str     0x00054e24      0x128 main.o
                              0x542dd (size before relaxing)
 .debug_str     0x00054f4c      0x218 pwm.o
                              0x504b3 (size before relaxing)
 .debug_str     0x00055164      0x178 utdelt/can_controller.o
                              0x5071c (size before relaxing)
 .debug_str     0x000552dc       0x5e utdelt/can_interrupt.o
                              0x5454d (size before relaxing)
 .debug_str     0x0005533a      0x17f utdelt/printf-stdarg.o
                               0x364d (size before relaxing)
 .debug_str     0x000554b9      0x108 utdelt/uart.o
                              0x506a4 (size before relaxing)

.debug_frame    0x00000000      0x648
 .debug_frame   0x00000000       0x48 adc.o
 .debug_frame   0x00000048       0x90 pid.o
 .debug_frame   0x000000d8       0x30 dac.o
 .debug_frame   0x00000108       0x48 delay.o
 .debug_frame   0x00000150       0x38 Device_Startup/startup_sam3xa.o
 .debug_frame   0x00000188       0x40 Device_Startup/system_sam3xa.o
 .debug_frame   0x000001c8       0x2c main.o
 .debug_frame   0x000001f4       0x58 pwm.o
 .debug_frame   0x0000024c       0x80 utdelt/can_controller.o
 .debug_frame   0x000002cc       0x40 utdelt/can_interrupt.o
 .debug_frame   0x0000030c      0x124 utdelt/printf-stdarg.o
 .debug_frame   0x00000430       0x58 utdelt/uart.o
 .debug_frame   0x00000488       0x2c c:/program files (x86)/atmel/studio/7.0/toolchain/arm/arm-gnu-toolchain/bin/../lib/gcc/arm-none-eabi/6.3.1/../../../../arm-none-eabi/lib/thumb/v7-m\libc.a(lib_a-init.o)
 .debug_frame   0x000004b4       0x5c c:/program files (x86)/atmel/studio/7.0/toolchain/arm/arm-gnu-toolchain/bin/../lib/gcc/arm-none-eabi/6.3.1/../../../../arm-none-eabi/lib/thumb/v7-m\libc.a(lib_a-__call_atexit.o)
 .debug_frame   0x00000510       0x20 c:/program files (x86)/atmel/studio/7.0/toolchain/arm/arm-gnu-toolchain/bin/../lib/gcc/arm-none-eabi/6.3.1/../../../../arm-none-eabi/lib/thumb/v7-m\libc.a(lib_a-atexit.o)
 .debug_frame   0x00000530       0x34 c:/program files (x86)/atmel/studio/7.0/toolchain/arm/arm-gnu-toolchain/bin/../lib/gcc/arm-none-eabi/6.3.1/../../../../arm-none-eabi/lib/thumb/v7-m\libc.a(lib_a-fini.o)
 .debug_frame   0x00000564       0xb0 c:/program files (x86)/atmel/studio/7.0/toolchain/arm/arm-gnu-toolchain/bin/../lib/gcc/arm-none-eabi/6.3.1/../../../../arm-none-eabi/lib/thumb/v7-m\libc.a(lib_a-lock.o)
 .debug_frame   0x00000614       0x34 c:/program files (x86)/atmel/studio/7.0/toolchain/arm/arm-gnu-toolchain/bin/../lib/gcc/arm-none-eabi/6.3.1/../../../../arm-none-eabi/lib/thumb/v7-m\libc.a(lib_a-__atexit.o)
