Archive member included to satisfy reference by file (symbol)

c:/program files (x86)/atmel/studio/7.0/toolchain/arm/arm-gnu-toolchain/bin/../lib/gcc/arm-none-eabi/6.3.1/thumb/v7-m\libgcc.a(_arm_addsubdf3.o)
                              pwm.o (__aeabi_dadd)
c:/program files (x86)/atmel/studio/7.0/toolchain/arm/arm-gnu-toolchain/bin/../lib/gcc/arm-none-eabi/6.3.1/thumb/v7-m\libgcc.a(_arm_muldivdf3.o)
                              pwm.o (__aeabi_dmul)
c:/program files (x86)/atmel/studio/7.0/toolchain/arm/arm-gnu-toolchain/bin/../lib/gcc/arm-none-eabi/6.3.1/thumb/v7-m\libgcc.a(_arm_truncdfsf2.o)
                              pwm.o (__aeabi_d2f)
c:/program files (x86)/atmel/studio/7.0/toolchain/arm/arm-gnu-toolchain/bin/../lib/gcc/arm-none-eabi/6.3.1/thumb/v7-m\libgcc.a(_arm_addsubsf3.o)
                              pwm.o (__aeabi_fsub)
c:/program files (x86)/atmel/studio/7.0/toolchain/arm/arm-gnu-toolchain/bin/../lib/gcc/arm-none-eabi/6.3.1/thumb/v7-m\libgcc.a(_arm_muldivsf3.o)
                              pwm.o (__aeabi_fmul)
c:/program files (x86)/atmel/studio/7.0/toolchain/arm/arm-gnu-toolchain/bin/../lib/gcc/arm-none-eabi/6.3.1/thumb/v7-m\libgcc.a(_arm_fixsfsi.o)
                              pwm.o (__aeabi_f2iz)
c:/program files (x86)/atmel/studio/7.0/toolchain/arm/arm-gnu-toolchain/bin/../lib/gcc/arm-none-eabi/6.3.1/../../../../arm-none-eabi/lib/thumb/v7-m\libc.a(lib_a-exit.o)
                              c:/program files (x86)/atmel/studio/7.0/toolchain/arm/arm-gnu-toolchain/bin/../lib/gcc/arm-none-eabi/6.3.1/../../../../arm-none-eabi/lib/thumb/v7-m/crt0.o (exit)
c:/program files (x86)/atmel/studio/7.0/toolchain/arm/arm-gnu-toolchain/bin/../lib/gcc/arm-none-eabi/6.3.1/../../../../arm-none-eabi/lib/thumb/v7-m\libc.a(lib_a-impure.o)
                              c:/program files (x86)/atmel/studio/7.0/toolchain/arm/arm-gnu-toolchain/bin/../lib/gcc/arm-none-eabi/6.3.1/../../../../arm-none-eabi/lib/thumb/v7-m\libc.a(lib_a-exit.o) (_global_impure_ptr)
c:/program files (x86)/atmel/studio/7.0/toolchain/arm/arm-gnu-toolchain/bin/../lib/gcc/arm-none-eabi/6.3.1/../../../../arm-none-eabi/lib/thumb/v7-m\libc.a(lib_a-init.o)
                              c:/program files (x86)/atmel/studio/7.0/toolchain/arm/arm-gnu-toolchain/bin/../lib/gcc/arm-none-eabi/6.3.1/../../../../arm-none-eabi/lib/thumb/v7-m/crt0.o (__libc_init_array)
c:/program files (x86)/atmel/studio/7.0/toolchain/arm/arm-gnu-toolchain/bin/../lib/gcc/arm-none-eabi/6.3.1/../../../../arm-none-eabi/lib/thumb/v7-m\libc.a(lib_a-memset.o)
                              c:/program files (x86)/atmel/studio/7.0/toolchain/arm/arm-gnu-toolchain/bin/../lib/gcc/arm-none-eabi/6.3.1/../../../../arm-none-eabi/lib/thumb/v7-m/crt0.o (memset)
c:/program files (x86)/atmel/studio/7.0/toolchain/arm/arm-gnu-toolchain/bin/../lib/gcc/arm-none-eabi/6.3.1/../../../../arm-none-eabi/lib/thumb/v7-m\libc.a(lib_a-__call_atexit.o)
                              c:/program files (x86)/atmel/studio/7.0/toolchain/arm/arm-gnu-toolchain/bin/../lib/gcc/arm-none-eabi/6.3.1/../../../../arm-none-eabi/lib/thumb/v7-m\libc.a(lib_a-exit.o) (__call_exitprocs)
c:/program files (x86)/atmel/studio/7.0/toolchain/arm/arm-gnu-toolchain/bin/../lib/gcc/arm-none-eabi/6.3.1/../../../../arm-none-eabi/lib/thumb/v7-m\libc.a(lib_a-atexit.o)
                              c:/program files (x86)/atmel/studio/7.0/toolchain/arm/arm-gnu-toolchain/bin/../lib/gcc/arm-none-eabi/6.3.1/../../../../arm-none-eabi/lib/thumb/v7-m\libc.a(lib_a-__call_atexit.o) (atexit)
c:/program files (x86)/atmel/studio/7.0/toolchain/arm/arm-gnu-toolchain/bin/../lib/gcc/arm-none-eabi/6.3.1/../../../../arm-none-eabi/lib/thumb/v7-m\libc.a(lib_a-fini.o)
                              c:/program files (x86)/atmel/studio/7.0/toolchain/arm/arm-gnu-toolchain/bin/../lib/gcc/arm-none-eabi/6.3.1/../../../../arm-none-eabi/lib/thumb/v7-m\libc.a(lib_a-__call_atexit.o) (__libc_fini_array)
c:/program files (x86)/atmel/studio/7.0/toolchain/arm/arm-gnu-toolchain/bin/../lib/gcc/arm-none-eabi/6.3.1/../../../../arm-none-eabi/lib/thumb/v7-m\libc.a(lib_a-lock.o)
                              c:/program files (x86)/atmel/studio/7.0/toolchain/arm/arm-gnu-toolchain/bin/../lib/gcc/arm-none-eabi/6.3.1/../../../../arm-none-eabi/lib/thumb/v7-m\libc.a(lib_a-__call_atexit.o) (__retarget_lock_acquire_recursive)
c:/program files (x86)/atmel/studio/7.0/toolchain/arm/arm-gnu-toolchain/bin/../lib/gcc/arm-none-eabi/6.3.1/../../../../arm-none-eabi/lib/thumb/v7-m\libc.a(lib_a-__atexit.o)
                              c:/program files (x86)/atmel/studio/7.0/toolchain/arm/arm-gnu-toolchain/bin/../lib/gcc/arm-none-eabi/6.3.1/../../../../arm-none-eabi/lib/thumb/v7-m\libc.a(lib_a-atexit.o) (__register_exitproc)

Allocating common symbols
Common symbol       size              file

__lock___atexit_recursive_mutex
[...]
Memory Configuration

Name             Origin             Length             Attributes
rom              0x00080000         0x00080000         xr
ram              0x20000000         0x00018000         xrw
*default*        0x00000000         0xffffffff

Linker script and memory map

LOAD c:/program files (x86)/atmel/studio/7.0/toolchain/arm/arm-gnu-toolchain/bin/../lib/gcc/arm-none-eabi/6.3.1/thumb/v7-m/crti.o
LOAD c:/program files (x86)/atmel/studio/7.0/toolchain/arm/arm-gnu-toolchain/bin/../lib/gcc/arm-none-eabi/6.3.1/thumb/v7-m/crtbegin.o
LOAD c:/program files (x86)/atmel/studio/7.0/toolchain/arm/arm-gnu-toolchain/bin/../lib/gcc/arm-none-eabi/6.3.1/../../../../arm-none-eabi/lib/thumb/v7-m/crt0.o
LOAD adc.o
LOAD delay.o
LOAD Device_Startup/startup_sam3xa.o
LOAD Device_Startup/system_sam3xa.o
LOAD led.o
LOAD main.o
LOAD pwm.o
LOAD utdelt/can_controller.o
LOAD utdelt/can_interrupt.o
LOAD utdelt/printf-stdarg.o
LOAD utdelt/uart.o
START GROUP
LOAD c:/program files (x86)/atmel/studio/7.0/toolchain/arm/arm-gnu-toolchain/bin/../lib/gcc/arm-none-eabi/6.3.1/../../../../arm-none-eabi/lib/thumb/v7-m\libm.a
END GROUP
START GROUP
LOAD c:/program files (x86)/atmel/studio/7.0/toolchain/arm/arm-gnu-toolchain/bin/../lib/gcc/arm-none-eabi/6.3.1/thumb/v7-m\libgcc.a
LOAD c:/program files (x86)/atmel/studio/7.0/toolchain/arm/arm-gnu-toolchain/bin/../lib/gcc/arm-none-eabi/6.3.1/../../../../arm-none-eabi/lib/thumb/v7-m\libc.a
END GROUP
LOAD c:/program files (x86)/atmel/studio/7.0/toolchain/arm/arm-gnu-toolchain/bin/../lib/gcc/arm-none-eabi/6.3.1/thumb/v7-m/crtend.o
LOAD c:/program files (x86)/atmel/studio/7.0/toolchain/arm/arm-gnu-toolchain/bin/../lib/gcc/arm-none-eabi/6.3.1/thumb/v7-m/crtn.o
                0x00000400                STACK_SIZE = DEFINED (STACK_SIZE)?STACK_SIZE:0x400
                0x00000200                HEAP_SIZE = DEFINED (HEAP_SIZE)?HEAP_SIZE:0x200

.text           0x00080000     0x1a04
                0x00080000                . = ALIGN (0x4)
                0x00080000                _sfixed = .
 *(.vectors .vectors.*)
 .vectors       0x00080000       0xf4 Device_Startup/startup_sam3xa.o
                0x00080000                exception_table
 *(.text .text.* .gnu.linkonce.t.*)
 .text          0x000800f4       0x6c c:/program files (x86)/atmel/studio/7.0/toolchain/arm/arm-gnu-toolchain/bin/../lib/gcc/arm-none-eabi/6.3.1/thumb/v7-m/crtbegin.o
 .text.adc_init
                0x00080160       0x3c adc.o
                0x00080160                adc_init
 .text.adc_drive
                0x0008019c       0x10 adc.o
                0x0008019c                adc_drive
 .text.getNewGoal
                0x000801ac       0x18 adc.o
                0x000801ac                getNewGoal
 .text.SysTick_init_ms
                0x000801c4       0x34 delay.o
 .text._delay_ms
                0x000801f8       0x20 delay.o
                0x000801f8                _delay_ms
 .text.SysTick_Handler
                0x00080218       0x20 delay.o
                0x00080218                SysTick_Handler
 .text.Dummy_Handler
                0x00080238        0x2 Device_Startup/startup_sam3xa.o
                0x00080238                DACC_Handler
                0x00080238                DebugMon_Handler
                0x00080238                DMAC_Handler
                0x00080238                TRNG_Handler
                0x00080238                HardFault_Handler
                0x00080238                TC2_Handler
                0x00080238                USART3_Handler
                0x00080238                TWI1_Handler
                0x00080238                PendSV_Handler
                0x00080238                NMI_Handler
                0x00080238                TC7_Handler
                0x00080238                ADC_Handler
                0x00080238                SMC_Handler
                0x00080238                USART0_Handler
                0x00080238                RTT_Handler
                0x00080238                EFC1_Handler
                0x00080238                PIOB_Handler
                0x00080238                RTC_Handler
                0x00080238                UsageFault_Handler
                0x00080238                TC6_Handler
                0x00080238                WDT_Handler
                0x00080238                TC4_Handler
                0x00080238                TC1_Handler
                0x00080238                HSMCI_Handler
                0x00080238                TC3_Handler
                0x00080238                Dummy_Handler
                0x00080238                TWI0_Handler
                0x00080238                USART1_Handler
                0x00080238                PIOA_Handler
                0x00080238                SSC_Handler
                0x00080238                EFC0_Handler
                0x00080238                PMC_Handler
                0x00080238                PWM_Handler
                0x00080238                CAN1_Handler
                0x00080238                MemManage_Handler
                0x00080238                SUPC_Handler
                0x00080238                SVC_Handler
                0x00080238                TC8_Handler
                0x00080238                USART2_Handler
                0x00080238                PIOD_Handler
                0x00080238                EMAC_Handler
                0x00080238                PIOC_Handler
                0x00080238                BusFault_Handler
                0x00080238                RSTC_Handler
                0x00080238                TC0_Handler
                0x00080238                TC5_Handler
                0x00080238                UOTGHS_Handler
                0x00080238                SPI0_Handler
 *fill*         0x0008023a        0x2 
 .text.Reset_Handler
                0x0008023c       0x6c Device_Startup/startup_sam3xa.o
                0x0008023c                Reset_Handler
 .text.SystemInit
                0x000802a8       0xa4 Device_Startup/system_sam3xa.o
                0x000802a8                SystemInit
 .text.main     0x0008034c       0x9c main.o
                0x0008034c                main
 .text.pwm      0x000803e8       0x6c pwm.o
                0x000803e8                pwm
 .text.set_duty_cycle
                0x00080454       0x4c pwm.o
                0x00080454                set_duty_cycle
 .text.calculate_dc
                0x000804a0       0x48 pwm.o
                0x000804a0                calculate_dc
 .text.can_init
                0x000804e8       0xe4 utdelt/can_controller.o
                0x000804e8                can_init
 .text.can_init_def_tx_rx_mb
                0x000805cc       0x10 utdelt/can_controller.o
                0x000805cc                can_init_def_tx_rx_mb
 .text.can_receive
                0x000805dc       0x84 utdelt/can_controller.o
                0x000805dc                can_receive
 .text.CAN0_Handler
                0x00080660       0x8c utdelt/can_interrupt.o
                0x00080660                CAN0_Handler
 .text.get_js_pos
                0x000806ec       0x18 utdelt/can_interrupt.o
                0x000806ec                get_js_pos
 .text.printchar
                0x00080704       0x10 utdelt/printf-stdarg.o
 .text.prints   0x00080714       0x84 utdelt/printf-stdarg.o
 .text.printi   0x00080798       0xac utdelt/printf-stdarg.o
 .text.print    0x00080844      0x150 utdelt/printf-stdarg.o
 .text.printf   0x00080994       0x24 utdelt/printf-stdarg.o
                0x00080994                printf
 .text.configure_uart
                0x000809b8       0x68 utdelt/uart.o
                0x000809b8                configure_uart
 .text.uart_putchar
                0x00080a20       0x24 utdelt/uart.o
                0x00080a20                uart_putchar
 .text.UART_Handler
                0x00080a44       0x68 utdelt/uart.o
                0x00080a44                UART_Handler
 .text          0x00080aac      0x370 c:/program files (x86)/atmel/studio/7.0/toolchain/arm/arm-gnu-toolchain/bin/../lib/gcc/arm-none-eabi/6.3.1/thumb/v7-m\libgcc.a(_arm_addsubdf3.o)
                0x00080aac                __aeabi_drsub
                0x00080ab4                __aeabi_dsub
                0x00080ab4                __subdf3
                0x00080ab8                __aeabi_dadd
                0x00080ab8                __adddf3
                0x00080d30                __floatunsidf
                0x00080d30                __aeabi_ui2d
                0x00080d50                __floatsidf
                0x00080d50                __aeabi_i2d
                0x00080d74                __aeabi_f2d
                0x00080d74                __extendsfdf2
                0x00080db0                __floatundidf
                0x00080db0                __aeabi_ul2d
                0x00080dc0                __floatdidf
                0x00080dc0                __aeabi_l2d
 .text          0x00080e1c      0x424 c:/program files (x86)/atmel/studio/7.0/toolchain/arm/arm-gnu-toolchain/bin/../lib/gcc/arm-none-eabi/6.3.1/thumb/v7-m\libgcc.a(_arm_muldivdf3.o)
                0x00080e1c                __aeabi_dmul
                0x00080e1c                __muldf3
                0x00081070                __divdf3
                0x00081070                __aeabi_ddiv
 .text          0x00081240       0xa0 c:/program files (x86)/atmel/studio/7.0/toolchain/arm/arm-gnu-toolchain/bin/../lib/gcc/arm-none-eabi/6.3.1/thumb/v7-m\libgcc.a(_arm_truncdfsf2.o)
                0x00081240                __truncdfsf2
                0x00081240                __aeabi_d2f
 .text          0x000812e0      0x21c c:/program files (x86)/atmel/studio/7.0/toolchain/arm/arm-gnu-toolchain/bin/../lib/gcc/arm-none-eabi/6.3.1/thumb/v7-m\libgcc.a(_arm_addsubsf3.o)
                0x000812e0                __aeabi_frsub
                0x000812e8                __subsf3
                0x000812e8                __aeabi_fsub
                0x000812ec                __aeabi_fadd
                0x000812ec                __addsf3
                0x0008144c                __aeabi_ui2f
                0x0008144c                __floatunsisf
                0x00081454                __aeabi_i2f
                0x00081454                __floatsisf
                0x00081470                __aeabi_ul2f
                0x00081470                __floatundisf
                0x00081480                __aeabi_l2f
                0x00081480                __floatdisf
 .text          0x000814fc      0x2a0 c:/program files (x86)/atmel/studio/7.0/toolchain/arm/arm-gnu-toolchain/bin/../lib/gcc/arm-none-eabi/6.3.1/thumb/v7-m\libgcc.a(_arm_muldivsf3.o)
                0x000814fc                __mulsf3
                0x000814fc                __aeabi_fmul
                0x00081664                __aeabi_fdiv
                0x00081664                __divsf3
 .text          0x0008179c       0x4c c:/program files (x86)/atmel/studio/7.0/toolchain/arm/arm-gnu-toolchain/bin/../lib/gcc/arm-none-eabi/6.3.1/thumb/v7-m\libgcc.a(_arm_fixsfsi.o)
                0x0008179c                __aeabi_f2iz
                0x0008179c                __fixsfsi
 .text.__libc_init_array
                0x000817e8       0x50 c:/program files (x86)/atmel/studio/7.0/toolchain/arm/arm-gnu-toolchain/bin/../lib/gcc/arm-none-eabi/6.3.1/../../../../arm-none-eabi/lib/thumb/v7-m\libc.a(lib_a-init.o)
                0x000817e8                __libc_init_array
 .text.startup.register_fini
                0x00081838       0x14 c:/program files (x86)/atmel/studio/7.0/toolchain/arm/arm-gnu-toolchain/bin/../lib/gcc/arm-none-eabi/6.3.1/../../../../arm-none-eabi/lib/thumb/v7-m\libc.a(lib_a-__call_atexit.o)
 .text.atexit   0x0008184c        0xc c:/program files (x86)/atmel/studio/7.0/toolchain/arm/arm-gnu-toolchain/bin/../lib/gcc/arm-none-eabi/6.3.1/../../../../arm-none-eabi/lib/thumb/v7-m\libc.a(lib_a-atexit.o)
                0x0008184c                atexit
 .text.__libc_fini_array
                0x00081858       0x34 c:/program files (x86)/atmel/studio/7.0/toolchain/arm/arm-gnu-toolchain/bin/../lib/gcc/arm-none-eabi/6.3.1/../../../../arm-none-eabi/lib/thumb/v7-m\libc.a(lib_a-fini.o)
                0x00081858                __libc_fini_array
 .text.__retarget_lock_acquire_recursive
                0x0008188c        0x4 c:/program files (x86)/atmel/studio/7.0/toolchain/arm/arm-gnu-toolchain/bin/../lib/gcc/arm-none-eabi/6.3.1/../../../../arm-none-eabi/lib/thumb/v7-m\libc.a(lib_a-lock.o)
                0x0008188c                __retarget_lock_acquire_recursive
 .text.__retarget_lock_release_recursive
                0x00081890        0x4 c:/program files (x86)/atmel/studio/7.0/toolchain/arm/arm-gnu-toolchain/bin/../lib/gcc/arm-none-eabi/6.3.1/../../../../arm-none-eabi/lib/thumb/v7-m\libc.a(lib_a-lock.o)
                0x00081890                __retarget_lock_release_recursive
 .text.__register_exitproc
                0x00081894       0xc4 c:/program files (x86)/atmel/studio/7.0/toolchain/arm/arm-gnu-toolchain/bin/../lib/gcc/arm-none-eabi/6.3.1/../../../../arm-none-eabi/lib/thumb/v7-m\libc.a(lib_a-__atexit.o)
                0x00081894                __register_exitproc
 *(.glue_7t)
 .glue_7t       0x00081958        0x0 linker stubs
 *(.glue_7)
 .glue_7        0x00081958        0x0 linker stubs
 *(.rodata .rodata* .gnu.linkonce.r.*)
 .rodata.str1.4
                0x00081958       0x2d main.o
 *fill*         0x00081985        0x3 
 .rodata.str1.4
                0x00081988       0x2b utdelt/can_interrupt.o
 *fill*         0x000819b3        0x1 
 .rodata.str1.4
                0x000819b4        0x7 utdelt/printf-stdarg.o
 *fill*         0x000819bb        0x1 
 .rodata.str1.4
                0x000819bc       0x20 utdelt/uart.o
                                 0x1e (size before relaxing)
 .rodata._global_impure_ptr
                0x000819dc        0x4 c:/program files (x86)/atmel/studio/7.0/toolchain/arm/arm-gnu-toolchain/bin/../lib/gcc/arm-none-eabi/6.3.1/../../../../arm-none-eabi/lib/thumb/v7-m\libc.a(lib_a-impure.o)
                0x000819dc                _global_impure_ptr
 *(.ARM.extab* .gnu.linkonce.armextab.*)
                0x000819e0                . = ALIGN (0x4)
 *(.init)
 .init          0x000819e0        0x4 c:/program files (x86)/atmel/studio/7.0/toolchain/arm/arm-gnu-toolchain/bin/../lib/gcc/arm-none-eabi/6.3.1/thumb/v7-m/crti.o
                0x000819e0                _init
 .init          0x000819e4        0x8 c:/program files (x86)/atmel/studio/7.0/toolchain/arm/arm-gnu-toolchain/bin/../lib/gcc/arm-none-eabi/6.3.1/thumb/v7-m/crtn.o
                0x000819ec                . = ALIGN (0x4)
                0x000819ec                __preinit_array_start = .
 *(.preinit_array)
                0x000819ec                __preinit_array_end = .
                0x000819ec                . = ALIGN (0x4)
                0x000819ec                __init_array_start = .
 *(SORT(.init_array.*))
 .init_array.00000
                0x000819ec        0x4 c:/program files (x86)/atmel/studio/7.0/toolchain/arm/arm-gnu-toolchain/bin/../lib/gcc/arm-none-eabi/6.3.1/../../../../arm-none-eabi/lib/thumb/v7-m\libc.a(lib_a-__call_atexit.o)
 *(.init_array)
 .init_array    0x000819f0        0x4 c:/program files (x86)/atmel/studio/7.0/toolchain/arm/arm-gnu-toolchain/bin/../lib/gcc/arm-none-eabi/6.3.1/thumb/v7-m/crtbegin.o
                0x000819f4                __init_array_end = .
                0x000819f4                . = ALIGN (0x4)
 *crtbegin.o(.ctors)
 *(EXCLUDE_FILE(*crtend.o) .ctors)
 *(SORT(.ctors.*))
 *crtend.o(.ctors)
                0x000819f4                . = ALIGN (0x4)
 *(.fini)
 .fini          0x000819f4        0x4 c:/program files (x86)/atmel/studio/7.0/toolchain/arm/arm-gnu-toolchain/bin/../lib/gcc/arm-none-eabi/6.3.1/thumb/v7-m/crti.o
                0x000819f4                _fini
 .fini          0x000819f8        0x8 c:/program files (x86)/atmel/studio/7.0/toolchain/arm/arm-gnu-toolchain/bin/../lib/gcc/arm-none-eabi/6.3.1/thumb/v7-m/crtn.o
                0x00081a00                . = ALIGN (0x4)
                0x00081a00                __fini_array_start = .
 *(.fini_array)
 .fini_array    0x00081a00        0x4 c:/program files (x86)/atmel/studio/7.0/toolchain/arm/arm-gnu-toolchain/bin/../lib/gcc/arm-none-eabi/6.3.1/thumb/v7-m/crtbegin.o
 *(SORT(.fini_array.*))
                0x00081a04                __fini_array_end = .
 *crtbegin.o(.dtors)
 *(EXCLUDE_FILE(*crtend.o) .dtors)
 *(SORT(.dtors.*))
 *crtend.o(.dtors)
                0x00081a04                . = ALIGN (0x4)
                0x00081a04                _efixed = .
                [!provide]                PROVIDE (__exidx_start, .)

.vfp11_veneer   0x00081a04        0x0
 .vfp11_veneer  0x00081a04        0x0 linker stubs

.v4_bx          0x00081a04        0x0
 .v4_bx         0x00081a04        0x0 linker stubs

.iplt           0x00081a04        0x0
 .iplt          0x00081a04        0x0 c:/program files (x86)/atmel/studio/7.0/toolchain/arm/arm-gnu-toolchain/bin/../lib/gcc/arm-none-eabi/6.3.1/thumb/v7-m/crtbegin.o

.eh_frame       0x00081a04        0x0
 .eh_frame      0x00081a04        0x0 c:/program files (x86)/atmel/studio/7.0/toolchain/arm/arm-gnu-toolchain/bin/../lib/gcc/arm-none-eabi/6.3.1/thumb/v7-m/crtbegin.o

.rel.dyn        0x00081a04        0x0
 .rel.iplt      0x00081a04        0x0 c:/program files (x86)/atmel/studio/7.0/toolchain/arm/arm-gnu-toolchain/bin/../lib/gcc/arm-none-eabi/6.3.1/thumb/v7-m/crtbegin.o

.jcr            0x00081a04        0x0
 .jcr           0x00081a04        0x0 c:/program files (x86)/atmel/studio/7.0/toolchain/arm/arm-gnu-toolchain/bin/../lib/gcc/arm-none-eabi/6.3.1/thumb/v7-m/crtbegin.o

.igot.plt       0x00081a04        0x0
 .igot.plt      0x00081a04        0x0 c:/program files (x86)/atmel/studio/7.0/toolchain/arm/arm-gnu-toolchain/bin/../lib/gcc/arm-none-eabi/6.3.1/thumb/v7-m/crtbegin.o

.ARM.exidx
 *(.ARM.exidx* .gnu.linkonce.armexidx.*)
                [!provide]                PROVIDE (__exidx_end, .)
                0x00081a04                . = ALIGN (0x4)
                0x00081a04                _etext = .

.relocate       0x20000000      0x434 load address 0x00081a04
                0x20000000                . = ALIGN (0x4)
                0x20000000                _srelocate = .
 *(.ramfunc .ramfunc.*)
 *(.data .data.*)
 .data          0x20000000        0x4 Device_Startup/system_sam3xa.o
                0x20000000                SystemCoreClock
 *fill*         0x20000004        0x4 
 .data.impure_data
                0x20000008      0x428 c:/program files (x86)/atmel/studio/7.0/toolchain/arm/arm-gnu-toolchain/bin/../lib/gcc/arm-none-eabi/6.3.1/../../../../arm-none-eabi/lib/thumb/v7-m\libc.a(lib_a-impure.o)
 .data.__atexit_recursive_mutex
                0x20000430        0x4 c:/program files (x86)/atmel/studio/7.0/toolchain/arm/arm-gnu-toolchain/bin/../lib/gcc/arm-none-eabi/6.3.1/../../../../arm-none-eabi/lib/thumb/v7-m\libc.a(lib_a-__call_atexit.o)
                0x20000430                __atexit_recursive_mutex
                0x20000434                . = ALIGN (0x4)
                0x20000434                _erelocate = .

.bss            0x20000434       0x8c load address 0x00081e38
                0x20000434                . = ALIGN (0x4)
                0x20000434                _sbss = .
                0x20000434                _szero = .
 *(.bss .bss.*)
 .bss           0x20000434       0x1c c:/program files (x86)/atmel/studio/7.0/toolchain/arm/arm-gnu-toolchain/bin/../lib/gcc/arm-none-eabi/6.3.1/thumb/v7-m/crtbegin.o
 .bss           0x20000450        0x4 delay.o
                0x20000450                wait_ticks
 *(COMMON)
 COMMON         0x20000454        0x4 utdelt/can_interrupt.o
                0x20000454                js_pos_2
 COMMON         0x20000458       0x42 utdelt/uart.o
                0x20000458                rx_buffer
 *fill*         0x2000049a        0x2 
 COMMON         0x2000049c       0x21 c:/program files (x86)/atmel/studio/7.0/toolchain/arm/arm-gnu-toolchain/bin/../lib/gcc/arm-none-eabi/6.3.1/../../../../arm-none-eabi/lib/thumb/v7-m\libc.a(lib_a-lock.o)
                0x2000049c                __lock___atexit_recursive_mutex
                0x200004a0                __lock___arc4random_mutex
                0x200004a4                __lock___env_recursive_mutex
                0x200004a8                __lock___sinit_recursive_mutex
                0x200004ac                __lock___malloc_recursive_mutex
                0x200004b0                __lock___at_quick_exit_mutex
                0x200004b4                __lock___dd_hash_mutex
                0x200004b8                __lock___tz_mutex
                0x200004bc                __lock___sfp_recursive_mutex
                0x200004c0                . = ALIGN (0x4)
 *fill*         0x200004bd        0x3 
                0x200004c0                _ebss = .
                0x200004c0                _ezero = .

.stack          0x200004c0      0x400 load address 0x00081ec4
                0x200004c0                . = ALIGN (0x8)
                0x200004c0                _sstack = .
                0x200008c0                . = (. + STACK_SIZE)
 *fill*         0x200004c0      0x400 
                0x200008c0                . = ALIGN (0x8)
                0x200008c0                _estack = .

.heap           0x200008c0      0x200 load address 0x000822c4
                0x200008c0                . = ALIGN (0x8)
                0x200008c0                _sheap = .
                0x20000ac0                . = (. + HEAP_SIZE)
 *fill*         0x200008c0      0x200 
                0x20000ac0                . = ALIGN (0x8)
                0x20000ac0                _eheap = .
                0x20000ac0                . = ALIGN (0x4)
                0x20000ac0                _end = .
                0x20017fff                _ram_end_ = ((ORIGIN (ram) + LENGTH (ram)) - 0x1)
OUTPUT(Node2.elf elf32-littlearm)

.ARM.attributes
                0x00000000       0x29
 .ARM.attributes
                0x00000000       0x1d c:/program files (x86)/atmel/studio/7.0/toolchain/arm/arm-gnu-toolchain/bin/../lib/gcc/arm-none-eabi/6.3.1/thumb/v7-m/crti.o
 .ARM.attributes
                0x0000001d       0x2d c:/program files (x86)/atmel/studio/7.0/toolchain/arm/arm-gnu-toolchain/bin/../lib/gcc/arm-none-eabi/6.3.1/thumb/v7-m/crtbegin.o
 .ARM.attributes
                0x0000004a       0x33 adc.o
 .ARM.attributes
                0x0000007d       0x33 delay.o
 .ARM.attributes
                0x000000b0       0x33 Device_Startup/startup_sam3xa.o
 .ARM.attributes
                0x000000e3       0x33 Device_Startup/system_sam3xa.o
 .ARM.attributes
                0x00000116       0x33 main.o
 .ARM.attributes
                0x00000149       0x33 pwm.o
 .ARM.attributes
                0x0000017c       0x33 utdelt/can_controller.o
 .ARM.attributes
                0x000001af       0x33 utdelt/can_interrupt.o
 .ARM.attributes
                0x000001e2       0x33 utdelt/printf-stdarg.o
 .ARM.attributes
                0x00000215       0x33 utdelt/uart.o
 .ARM.attributes
                0x00000248       0x1d c:/program files (x86)/atmel/studio/7.0/toolchain/arm/arm-gnu-toolchain/bin/../lib/gcc/arm-none-eabi/6.3.1/thumb/v7-m\libgcc.a(_arm_addsubdf3.o)
 .ARM.attributes
                0x00000265       0x1d c:/program files (x86)/atmel/studio/7.0/toolchain/arm/arm-gnu-toolchain/bin/../lib/gcc/arm-none-eabi/6.3.1/thumb/v7-m\libgcc.a(_arm_muldivdf3.o)
 .ARM.attributes
                0x00000282       0x1d c:/program files (x86)/atmel/studio/7.0/toolchain/arm/arm-gnu-toolchain/bin/../lib/gcc/arm-none-eabi/6.3.1/thumb/v7-m\libgcc.a(_arm_truncdfsf2.o)
 .ARM.attributes
                0x0000029f       0x1d c:/program files (x86)/atmel/studio/7.0/toolchain/arm/arm-gnu-toolchain/bin/../lib/gcc/arm-none-eabi/6.3.1/thumb/v7-m\libgcc.a(_arm_addsubsf3.o)
 .ARM.attributes
                0x000002bc       0x1d c:/program files (x86)/atmel/studio/7.0/toolchain/arm/arm-gnu-toolchain/bin/../lib/gcc/arm-none-eabi/6.3.1/thumb/v7-m\libgcc.a(_arm_muldivsf3.o)
 .ARM.attributes
                0x000002d9       0x1d c:/program files (x86)/atmel/studio/7.0/toolchain/arm/arm-gnu-toolchain/bin/../lib/gcc/arm-none-eabi/6.3.1/thumb/v7-m\libgcc.a(_arm_fixsfsi.o)
 .ARM.attributes
                0x000002f6       0x2d c:/program files (x86)/atmel/studio/7.0/toolchain/arm/arm-gnu-toolchain/bin/../lib/gcc/arm-none-eabi/6.3.1/../../../../arm-none-eabi/lib/thumb/v7-m\libc.a(lib_a-impure.o)
 .ARM.attributes
                0x00000323       0x2d c:/program files (x86)/atmel/studio/7.0/toolchain/arm/arm-gnu-toolchain/bin/../lib/gcc/arm-none-eabi/6.3.1/../../../../arm-none-eabi/lib/thumb/v7-m\libc.a(lib_a-init.o)
 .ARM.attributes
                0x00000350       0x2d c:/program files (x86)/atmel/studio/7.0/toolchain/arm/arm-gnu-toolchain/bin/../lib/gcc/arm-none-eabi/6.3.1/../../../../arm-none-eabi/lib/thumb/v7-m\libc.a(lib_a-__call_atexit.o)
 .ARM.attributes
                0x0000037d       0x2d c:/program files (x86)/atmel/studio/7.0/toolchain/arm/arm-gnu-toolchain/bin/../lib/gcc/arm-none-eabi/6.3.1/../../../../arm-none-eabi/lib/thumb/v7-m\libc.a(lib_a-atexit.o)
 .ARM.attributes
                0x000003aa       0x2d c:/program files (x86)/atmel/studio/7.0/toolchain/arm/arm-gnu-toolchain/bin/../lib/gcc/arm-none-eabi/6.3.1/../../../../arm-none-eabi/lib/thumb/v7-m\libc.a(lib_a-fini.o)
 .ARM.attributes
                0x000003d7       0x2d c:/program files (x86)/atmel/studio/7.0/toolchain/arm/arm-gnu-toolchain/bin/../lib/gcc/arm-none-eabi/6.3.1/../../../../arm-none-eabi/lib/thumb/v7-m\libc.a(lib_a-lock.o)
 .ARM.attributes
                0x00000404       0x2d c:/program files (x86)/atmel/studio/7.0/toolchain/arm/arm-gnu-toolchain/bin/../lib/gcc/arm-none-eabi/6.3.1/../../../../arm-none-eabi/lib/thumb/v7-m\libc.a(lib_a-__atexit.o)
 .ARM.attributes
                0x00000431       0x1d c:/program files (x86)/atmel/studio/7.0/toolchain/arm/arm-gnu-toolchain/bin/../lib/gcc/arm-none-eabi/6.3.1/thumb/v7-m/crtn.o

.comment        0x00000000       0x59
 .comment       0x00000000       0x59 adc.o
                                 0x5a (size before relaxing)
 .comment       0x00000059       0x5a delay.o
 .comment       0x00000059       0x5a Device_Startup/startup_sam3xa.o
 .comment       0x00000059       0x5a Device_Startup/system_sam3xa.o
 .comment       0x00000059       0x5a main.o
 .comment       0x00000059       0x5a pwm.o
 .comment       0x00000059       0x5a utdelt/can_controller.o
 .comment       0x00000059       0x5a utdelt/can_interrupt.o
 .comment       0x00000059       0x5a utdelt/printf-stdarg.o
 .comment       0x00000059       0x5a utdelt/uart.o

.debug_info     0x00000000     0x606a
 .debug_info    0x00000000      0x652 adc.o
 .debug_info    0x00000652      0x66e delay.o
 .debug_info    0x00000cc0      0x74e Device_Startup/startup_sam3xa.o
 .debug_info    0x0000140e      0x444 Device_Startup/system_sam3xa.o
 .debug_info    0x00001852      0xc41 main.o
 .debug_info    0x00002493      0xc12 pwm.o
 .debug_info    0x000030a5      0xd68 utdelt/can_controller.o
 .debug_info    0x00003e0d     0x1007 utdelt/can_interrupt.o
 .debug_info    0x00004e14      0x60b utdelt/printf-stdarg.o
 .debug_info    0x0000541f      0xc4b utdelt/uart.o

.debug_abbrev   0x00000000     0x11c0
 .debug_abbrev  0x00000000      0x133 adc.o
 .debug_abbrev  0x00000133      0x1b3 delay.o
 .debug_abbrev  0x000002e6      0x153 Device_Startup/startup_sam3xa.o
 .debug_abbrev  0x00000439      0x102 Device_Startup/system_sam3xa.o
 .debug_abbrev  0x0000053b      0x23b main.o
 .debug_abbrev  0x00000776      0x16b pwm.o
 .debug_abbrev  0x000008e1      0x212 utdelt/can_controller.o
 .debug_abbrev  0x00000af3      0x2fe utdelt/can_interrupt.o
 .debug_abbrev  0x00000df1      0x194 utdelt/printf-stdarg.o
 .debug_abbrev  0x00000f85      0x23b utdelt/uart.o

.debug_loc      0x00000000     0x100c
 .debug_loc     0x00000000       0xac adc.o
 .debug_loc     0x000000ac       0x8b delay.o
 .debug_loc     0x00000137       0x78 Device_Startup/startup_sam3xa.o
 .debug_loc     0x000001af       0x3f main.o
 .debug_loc     0x000001ee      0x124 pwm.o
 .debug_loc     0x00000312      0x2b5 utdelt/can_controller.o
 .debug_loc     0x000005c7       0xa5 utdelt/can_interrupt.o
 .debug_loc     0x0000066c      0x8d2 utdelt/printf-stdarg.o
 .debug_loc     0x00000f3e       0xce utdelt/uart.o

.debug_aranges  0x00000000      0x1f0
 .debug_aranges
                0x00000000       0x30 adc.o
 .debug_aranges
                0x00000030       0x30 delay.o
 .debug_aranges
                0x00000060       0x28 Device_Startup/startup_sam3xa.o
 .debug_aranges
                0x00000088       0x30 Device_Startup/system_sam3xa.o
 .debug_aranges
                0x000000b8       0x20 main.o
 .debug_aranges
                0x000000d8       0x30 pwm.o
 .debug_aranges
                0x00000108       0x38 utdelt/can_controller.o
 .debug_aranges
                0x00000140       0x28 utdelt/can_interrupt.o
 .debug_aranges
                0x00000168       0x50 utdelt/printf-stdarg.o
 .debug_aranges
                0x000001b8       0x38 utdelt/uart.o

.debug_ranges   0x00000000      0x180
 .debug_ranges  0x00000000       0x20 adc.o
 .debug_ranges  0x00000020       0x20 delay.o
 .debug_ranges  0x00000040       0x18 Device_Startup/startup_sam3xa.o
 .debug_ranges  0x00000058       0x20 Device_Startup/system_sam3xa.o
 .debug_ranges  0x00000078       0x10 main.o
 .debug_ranges  0x00000088       0x20 pwm.o
 .debug_ranges  0x000000a8       0x28 utdelt/can_controller.o
 .debug_ranges  0x000000d0       0x30 utdelt/can_interrupt.o
 .debug_ranges  0x00000100       0x58 utdelt/printf-stdarg.o
 .debug_ranges  0x00000158       0x28 utdelt/uart.o

.debug_macro    0x00000000    0x12d23
 .debug_macro   0x00000000      0x37b adc.o
 .debug_macro   0x0000037b      0x8b0 adc.o
 .debug_macro   0x00000c2b       0x22 adc.o
 .debug_macro   0x00000c4d       0x87 adc.o
 .debug_macro   0x00000cd4       0x51 adc.o
 .debug_macro   0x00000d25       0xef adc.o
 .debug_macro   0x00000e14       0x6a adc.o
 .debug_macro   0x00000e7e      0x1df adc.o
 .debug_macro   0x0000105d       0x20 adc.o
 .debug_macro   0x0000107d       0x1c adc.o
 .debug_macro   0x00001099       0x22 adc.o
 .debug_macro   0x000010bb       0xc3 adc.o
 .debug_macro   0x0000117e      0xe49 adc.o
 .debug_macro   0x00001fc7      0x11f adc.o
 .debug_macro   0x000020e6      0xa7d adc.o
 .debug_macro   0x00002b63      0x55a adc.o
 .debug_macro   0x000030bd      0x1a8 adc.o
 .debug_macro   0x00003265      0x30b adc.o
 .debug_macro   0x00003570      0x709 adc.o
 .debug_macro   0x00003c79       0xd6 adc.o
 .debug_macro   0x00003d4f      0x56c adc.o
 .debug_macro   0x000042bb       0x1c adc.o
 .debug_macro   0x000042d7      0x678 adc.o
 .debug_macro   0x0000494f      0x51e adc.o
 .debug_macro   0x00004e6d       0xbe adc.o
 .debug_macro   0x00004f2b     0x2333 adc.o
 .debug_macro   0x0000725e      0x7d1 adc.o
 .debug_macro   0x00007a2f      0xdbb adc.o
 .debug_macro   0x000087ea       0x9a adc.o
 .debug_macro   0x00008884      0x29c adc.o
 .debug_macro   0x00008b20       0x58 adc.o
 .debug_macro   0x00008b78      0x999 adc.o
 .debug_macro   0x00009511      0x22d adc.o
 .debug_macro   0x0000973e      0x4b4 adc.o
 .debug_macro   0x00009bf2      0x64a adc.o
 .debug_macro   0x0000a23c      0x590 adc.o
 .debug_macro   0x0000a7cc       0x46 adc.o
 .debug_macro   0x0000a812      0x33f adc.o
 .debug_macro   0x0000ab51      0x27e adc.o
 .debug_macro   0x0000adcf     0x14dc adc.o
 .debug_macro   0x0000c2ab      0x7cf adc.o
 .debug_macro   0x0000ca7a       0x76 adc.o
 .debug_macro   0x0000caf0       0x82 adc.o
 .debug_macro   0x0000cb72       0x76 adc.o
 .debug_macro   0x0000cbe8       0x4c adc.o
 .debug_macro   0x0000cc34      0x100 adc.o
 .debug_macro   0x0000cd34      0x100 adc.o
 .debug_macro   0x0000ce34      0x100 adc.o
 .debug_macro   0x0000cf34       0x88 adc.o
 .debug_macro   0x0000cfbc       0x88 adc.o
 .debug_macro   0x0000d044      0x3b4 adc.o
 .debug_macro   0x0000d3f8       0xbe adc.o
 .debug_macro   0x0000d4b6       0xbe adc.o
 .debug_macro   0x0000d574       0xbe adc.o
 .debug_macro   0x0000d632       0xbe adc.o
 .debug_macro   0x0000d6f0      0x2b8 adc.o
 .debug_macro   0x0000d9a8      0x118 adc.o
 .debug_macro   0x0000dac0      0x216 adc.o
 .debug_macro   0x0000dcd6      0x216 adc.o
 .debug_macro   0x0000deec       0x2e adc.o
 .debug_macro   0x0000df1a       0xac adc.o
 .debug_macro   0x0000dfc6      0x13e adc.o
 .debug_macro   0x0000e104       0x7c adc.o
 .debug_macro   0x0000e180      0x1f6 adc.o
 .debug_macro   0x0000e376       0x64 adc.o
 .debug_macro   0x0000e3da       0xa6 adc.o
 .debug_macro   0x0000e480       0x7c adc.o
 .debug_macro   0x0000e4fc       0x16 adc.o
 .debug_macro   0x0000e512       0x22 adc.o
 .debug_macro   0x0000e534       0x22 adc.o
 .debug_macro   0x0000e556      0x10c adc.o
 .debug_macro   0x0000e662      0x10c adc.o
 .debug_macro   0x0000e76e      0x10c adc.o
 .debug_macro   0x0000e87a      0x10c adc.o
 .debug_macro   0x0000e986       0x1c adc.o
 .debug_macro   0x0000e9a2       0x2e adc.o
 .debug_macro   0x0000e9d0       0x22 adc.o
 .debug_macro   0x0000e9f2       0x1c adc.o
 .debug_macro   0x0000ea0e       0x58 adc.o
 .debug_macro   0x0000ea66       0x10 adc.o
 .debug_macro   0x0000ea76      0x27a adc.o
 .debug_macro   0x0000ecf0      0xd34 adc.o
 .debug_macro   0x0000fa24      0x170 adc.o
 .debug_macro   0x0000fb94      0x37f delay.o
 .debug_macro   0x0000ff13       0x26 delay.o
 .debug_macro   0x0000ff39      0x371 Device_Startup/startup_sam3xa.o
 .debug_macro   0x000102aa      0x383 Device_Startup/system_sam3xa.o
 .debug_macro   0x0001062d      0x50b main.o
 .debug_macro   0x00010b38       0x58 main.o
 .debug_macro   0x00010b90       0x35 main.o
 .debug_macro   0x00010bc5       0x9c main.o
 .debug_macro   0x00010c61       0x16 main.o
 .debug_macro   0x00010c77       0x97 main.o
 .debug_macro   0x00010d0e      0x34d main.o
 .debug_macro   0x0001105b       0xf6 main.o
 .debug_macro   0x00011151       0x10 main.o
 .debug_macro   0x00011161       0x58 main.o
 .debug_macro   0x000111b9       0x1f main.o
 .debug_macro   0x000111d8       0x43 main.o
 .debug_macro   0x0001121b       0x20 main.o
 .debug_macro   0x0001123b      0x187 main.o
 .debug_macro   0x000113c2       0x10 main.o
 .debug_macro   0x000113d2       0x1c main.o
 .debug_macro   0x000113ee       0x52 main.o
 .debug_macro   0x00011440       0x40 main.o
 .debug_macro   0x00011480       0x10 main.o
 .debug_macro   0x00011490       0x40 main.o
 .debug_macro   0x000114d0       0xd7 main.o
 .debug_macro   0x000115a7       0x16 main.o
 .debug_macro   0x000115bd      0x18b main.o
 .debug_macro   0x00011748       0x10 main.o
 .debug_macro   0x00011758       0x2e main.o
 .debug_macro   0x00011786      0x37b pwm.o
 .debug_macro   0x00011b01      0x384 utdelt/can_controller.o
 .debug_macro   0x00011e85       0x28 utdelt/can_controller.o
 .debug_macro   0x00011ead      0x4d6 utdelt/can_interrupt.o
 .debug_macro   0x00012383       0x52 utdelt/can_interrupt.o
 .debug_macro   0x000123d5       0x8d utdelt/can_interrupt.o
 .debug_macro   0x00012462       0x57 utdelt/can_interrupt.o
 .debug_macro   0x000124b9      0x353 utdelt/can_interrupt.o
 .debug_macro   0x0001280c       0xbd utdelt/can_interrupt.o
 .debug_macro   0x000128c9       0x8e utdelt/printf-stdarg.o
 .debug_macro   0x00012957       0x58 utdelt/printf-stdarg.o
 .debug_macro   0x000129af      0x374 utdelt/uart.o

.debug_line     0x00000000     0x489c
 .debug_line    0x00000000      0x722 adc.o
 .debug_line    0x00000722      0x730 delay.o
 .debug_line    0x00000e52      0x728 Device_Startup/startup_sam3xa.o
 .debug_line    0x0000157a      0x785 Device_Startup/system_sam3xa.o
 .debug_line    0x00001cff      0x899 main.o
 .debug_line    0x00002598      0x723 pwm.o
 .debug_line    0x00002cbb      0x7e3 utdelt/can_controller.o
 .debug_line    0x0000349e      0x8c0 utdelt/can_interrupt.o
 .debug_line    0x00003d5e      0x3d0 utdelt/printf-stdarg.o
 .debug_line    0x0000412e      0x76e utdelt/uart.o

.debug_str      0x00000000    0x55380
 .debug_str     0x00000000    0x5005e adc.o
                              0x50205 (size before relaxing)
 .debug_str     0x0005005e      0x365 delay.o
                              0x5033c (size before relaxing)
 .debug_str     0x000503c3      0x4b2 Device_Startup/startup_sam3xa.o
                              0x504c2 (size before relaxing)
 .debug_str     0x00050875      0x195 Device_Startup/system_sam3xa.o
                              0x50255 (size before relaxing)
 .debug_str     0x00050a0a     0x4177 main.o
                              0x54237 (size before relaxing)
 .debug_str     0x00054b81      0x3a2 pwm.o
                              0x504b3 (size before relaxing)
 .debug_str     0x00054f23      0x178 utdelt/can_controller.o
                              0x5071c (size before relaxing)
 .debug_str     0x0005509b       0x5e utdelt/can_interrupt.o
                              0x5454d (size before relaxing)
 .debug_str     0x000550f9      0x17f utdelt/printf-stdarg.o
                               0x364d (size before relaxing)
 .debug_str     0x00055278      0x108 utdelt/uart.o
                              0x506a4 (size before relaxing)

.debug_frame    0x00000000      0x754
 .debug_frame   0x00000000       0x48 adc.o
 .debug_frame   0x00000048       0x48 delay.o
 .debug_frame   0x00000090       0x38 Device_Startup/startup_sam3xa.o
 .debug_frame   0x000000c8       0x40 Device_Startup/system_sam3xa.o
 .debug_frame   0x00000108       0x30 main.o
 .debug_frame   0x00000138       0x58 pwm.o
 .debug_frame   0x00000190       0x80 utdelt/can_controller.o
 .debug_frame   0x00000210       0x40 utdelt/can_interrupt.o
 .debug_frame   0x00000250      0x124 utdelt/printf-stdarg.o
 .debug_frame   0x00000374       0x58 utdelt/uart.o
 .debug_frame   0x000003cc       0xac c:/program files (x86)/atmel/studio/7.0/toolchain/arm/arm-gnu-toolchain/bin/../lib/gcc/arm-none-eabi/6.3.1/thumb/v7-m\libgcc.a(_arm_addsubdf3.o)
 .debug_frame   0x00000478       0x50 c:/program files (x86)/atmel/studio/7.0/toolchain/arm/arm-gnu-toolchain/bin/../lib/gcc/arm-none-eabi/6.3.1/thumb/v7-m\libgcc.a(_arm_muldivdf3.o)
 .debug_frame   0x000004c8       0x24 c:/program files (x86)/atmel/studio/7.0/toolchain/arm/arm-gnu-toolchain/bin/../lib/gcc/arm-none-eabi/6.3.1/thumb/v7-m\libgcc.a(_arm_truncdfsf2.o)
 .debug_frame   0x000004ec       0x4c c:/program files (x86)/atmel/studio/7.0/toolchain/arm/arm-gnu-toolchain/bin/../lib/gcc/arm-none-eabi/6.3.1/thumb/v7-m\libgcc.a(_arm_addsubsf3.o)
 .debug_frame   0x00000538       0x38 c:/program files (x86)/atmel/studio/7.0/toolchain/arm/arm-gnu-toolchain/bin/../lib/gcc/arm-none-eabi/6.3.1/thumb/v7-m\libgcc.a(_arm_muldivsf3.o)
 .debug_frame   0x00000570       0x24 c:/program files (x86)/atmel/studio/7.0/toolchain/arm/arm-gnu-toolchain/bin/../lib/gcc/arm-none-eabi/6.3.1/thumb/v7-m\libgcc.a(_arm_fixsfsi.o)
 .debug_frame   0x00000594       0x2c c:/program files (x86)/atmel/studio/7.0/toolchain/arm/arm-gnu-toolchain/bin/../lib/gcc/arm-none-eabi/6.3.1/../../../../arm-none-eabi/lib/thumb/v7-m\libc.a(lib_a-init.o)
 .debug_frame   0x000005c0       0x5c c:/program files (x86)/atmel/studio/7.0/toolchain/arm/arm-gnu-toolchain/bin/../lib/gcc/arm-none-eabi/6.3.1/../../../../arm-none-eabi/lib/thumb/v7-m\libc.a(lib_a-__call_atexit.o)
 .debug_frame   0x0000061c       0x20 c:/program files (x86)/atmel/studio/7.0/toolchain/arm/arm-gnu-toolchain/bin/../lib/gcc/arm-none-eabi/6.3.1/../../../../arm-none-eabi/lib/thumb/v7-m\libc.a(lib_a-atexit.o)
 .debug_frame   0x0000063c       0x34 c:/program files (x86)/atmel/studio/7.0/toolchain/arm/arm-gnu-toolchain/bin/../lib/gcc/arm-none-eabi/6.3.1/../../../../arm-none-eabi/lib/thumb/v7-m\libc.a(lib_a-fini.o)
 .debug_frame   0x00000670       0xb0 c:/program files (x86)/atmel/studio/7.0/toolchain/arm/arm-gnu-toolchain/bin/../lib/gcc/arm-none-eabi/6.3.1/../../../../arm-none-eabi/lib/thumb/v7-m\libc.a(lib_a-lock.o)
 .debug_frame   0x00000720       0x34 c:/program files (x86)/atmel/studio/7.0/toolchain/arm/arm-gnu-toolchain/bin/../lib/gcc/arm-none-eabi/6.3.1/../../../../arm-none-eabi/lib/thumb/v7-m\libc.a(lib_a-__atexit.o)
